Archive member included to satisfy reference by file (symbol)

C:/devkitPro/libgba/lib\libmm.a(mm_mas.o)
                              bn_hw_audio.bn_noflto.o (mmStart)
C:/devkitPro/libgba/lib\libmm.a(mm_main.o)
                              C:/devkitPro/libgba/lib\libmm.a(mm_mas.o) (mmCallback)
C:/devkitPro/libgba/lib\libmm.a(mm_effect.o)
                              bn_hw_audio.bn_noflto.o (mmEffect)
C:/devkitPro/libgba/lib\libmm.a(mm_mas_arm.o)
                              C:/devkitPro/libgba/lib\libmm.a(mm_mas.o) (mmAllocChannel)
C:/devkitPro/libgba/lib\libmm.a(mm_mixer_gba.o)
                              bn_hw_audio.bn_noflto.o (mmVBlank)
C:/devkitPro/libgba/lib\libmm.a(mm_main_gba.o)
                              C:/devkitPro/libgba/lib\libmm.a(mm_mixer_gba.o) (mm_vblank_function)
c:/devkitpro/devkitarm/bin/../lib/gcc/arm-none-eabi/12.1.0/thumb\libgcc.a(_call_via_rX.o)
                              C:/devkitPro/libgba/lib\libmm.a(mm_main_gba.o) (_call_via_r1)
c:/devkitpro/devkitarm/bin/../lib/gcc/arm-none-eabi/12.1.0/thumb\libgcc.a(_aeabi_ldivmod.o)
                              bn_hw_text.o (__aeabi_ldivmod)
c:/devkitpro/devkitarm/bin/../lib/gcc/arm-none-eabi/12.1.0/thumb\libgcc.a(_aeabi_uldivmod.o)
                              bn_hw_text.o (__aeabi_uldivmod)
c:/devkitpro/devkitarm/bin/../lib/gcc/arm-none-eabi/12.1.0/thumb\libgcc.a(_udivmoddi4.o)
                              c:/devkitpro/devkitarm/bin/../lib/gcc/arm-none-eabi/12.1.0/thumb\libgcc.a(_aeabi_ldivmod.o) (__udivmoddi4)
c:/devkitpro/devkitarm/bin/../lib/gcc/arm-none-eabi/12.1.0/../../../../arm-none-eabi/lib/thumb\libg.a(lib_a-init.o)
                              c:/devkitpro/devkitarm/bin/../lib/gcc/arm-none-eabi/12.1.0/../../../../arm-none-eabi/lib/thumb/gba_crt0.o (__libc_init_array)
c:/devkitpro/devkitarm/bin/../lib/gcc/arm-none-eabi/12.1.0/../../../../arm-none-eabi/lib/thumb\libg.a(lib_a-memcmp.o)
                              Status.o (memcmp)
c:/devkitpro/devkitarm/bin/../lib/gcc/arm-none-eabi/12.1.0/../../../../arm-none-eabi/lib/thumb\libsysbase.a(malloc_vars.o)
                              c:/devkitpro/devkitarm/bin/../lib/gcc/arm-none-eabi/12.1.0/../../../../arm-none-eabi/lib/thumb/gba_crt0.o (fake_heap_end)

Discarded input sections

 .text          0x0000000000000000        0x0 c:/devkitpro/devkitarm/bin/../lib/gcc/arm-none-eabi/12.1.0/../../../../arm-none-eabi/lib/thumb/gba_crt0.o
 .data          0x0000000000000000        0x0 c:/devkitpro/devkitarm/bin/../lib/gcc/arm-none-eabi/12.1.0/../../../../arm-none-eabi/lib/thumb/gba_crt0.o
 .bss           0x0000000000000000        0x0 c:/devkitpro/devkitarm/bin/../lib/gcc/arm-none-eabi/12.1.0/../../../../arm-none-eabi/lib/thumb/gba_crt0.o
 .text          0x0000000000000000        0x0 c:/devkitpro/devkitarm/bin/../lib/gcc/arm-none-eabi/12.1.0/thumb/crti.o
 .data          0x0000000000000000        0x0 c:/devkitpro/devkitarm/bin/../lib/gcc/arm-none-eabi/12.1.0/thumb/crti.o
 .bss           0x0000000000000000        0x0 c:/devkitpro/devkitarm/bin/../lib/gcc/arm-none-eabi/12.1.0/thumb/crti.o
 .text          0x0000000000000000        0x0 c:/devkitpro/devkitarm/bin/../lib/gcc/arm-none-eabi/12.1.0/thumb/crtbegin.o
 .data          0x0000000000000000        0x0 c:/devkitpro/devkitarm/bin/../lib/gcc/arm-none-eabi/12.1.0/thumb/crtbegin.o
 .bss           0x0000000000000000        0x0 c:/devkitpro/devkitarm/bin/../lib/gcc/arm-none-eabi/12.1.0/thumb/crtbegin.o
 .rodata.all_implied_fbits
                0x0000000000000000       0x24 c:/devkitpro/devkitarm/bin/../lib/gcc/arm-none-eabi/12.1.0/thumb/crtbegin.o
 .data.__dso_handle
                0x0000000000000000        0x4 c:/devkitpro/devkitarm/bin/../lib/gcc/arm-none-eabi/12.1.0/thumb/crtbegin.o
 .text          0x0000000000000000        0x0 _bn_audio_soundbank.bin.o
 .data          0x0000000000000000        0x0 _bn_audio_soundbank.bin.o
 .bss           0x0000000000000000        0x0 _bn_audio_soundbank.bin.o
 .text          0x0000000000000000        0x0 test_bn_dmg.o
 .data          0x0000000000000000        0x0 test_bn_dmg.o
 .bss           0x0000000000000000        0x0 test_bn_dmg.o
 .data.test_bn_dmg
                0x0000000000000000       0x18 test_bn_dmg.o
 .rodata.test_bn_dmg_init_state
                0x0000000000000000        0x8 test_bn_dmg.o
 .rodata.test_bn_dmg_3
                0x0000000000000000      0x1c3 test_bn_dmg.o
 .rodata.test_bn_dmg_2
                0x0000000000000000      0x1dd test_bn_dmg.o
 .rodata.test_bn_dmg_1
                0x0000000000000000      0x1e2 test_bn_dmg.o
 .rodata.test_bn_dmg_0
                0x0000000000000000      0x177 test_bn_dmg.o
 .debug_info    0x0000000000000000      0x179 test_bn_dmg.o
 .debug_abbrev  0x0000000000000000       0x84 test_bn_dmg.o
 .debug_aranges
                0x0000000000000000       0x18 test_bn_dmg.o
 .debug_line    0x0000000000000000       0xb5 test_bn_dmg.o
 .debug_str     0x0000000000000000      0x1da test_bn_dmg.o
 .comment       0x0000000000000000       0x24 test_bn_dmg.o
[...]
Memory Configuration

Name             Origin             Length             Attributes
rom              0x0000000008000000 0x0000000002000000
iwram            0x0000000003000000 0x0000000000008000
ewram            0x0000000002000000 0x0000000000040000
*default*        0x0000000000000000 0xffffffffffffffff

Linker script and memory map

                0x0000000008000000                __text_start = ORIGIN (rom)
                0x0000000002040000                __eheap_end = (ORIGIN (ewram) + LENGTH (ewram))
                0x0000000003000000                __iwram_start = ORIGIN (iwram)
                0x0000000003008000                __iwram_top = (ORIGIN (iwram) + LENGTH (iwram))
                0x0000000003007fa0                __sp_irq = (__iwram_top - 0x60)
                0x0000000003007f00                __sp_usr = (__sp_irq - 0xa0)
                0x0000000003007ff8                __irq_flags = 0x3007ff8
                0x0000000008000000                . = __text_start

.crt0           0x0000000008000000      0x210
 *(.crt0)
 .crt0          0x0000000008000000      0x210 c:/devkitpro/devkitarm/bin/../lib/gcc/arm-none-eabi/12.1.0/../../../../arm-none-eabi/lib/thumb/gba_crt0.o
                0x0000000008000000                _start
                0x00000000080000c4                __boot_method
                0x00000000080000c5                __slave_number
                0x00000000080000e0                start_vector
                0x0000000008000210                . = ALIGN (0x4)

.init           0x0000000008000210        0xc
 *(SORT_NONE(.init))
 .init          0x0000000008000210        0x4 c:/devkitpro/devkitarm/bin/../lib/gcc/arm-none-eabi/12.1.0/thumb/crti.o
                0x0000000008000210                _init
 .init          0x0000000008000214        0x8 c:/devkitpro/devkitarm/bin/../lib/gcc/arm-none-eabi/12.1.0/thumb/crtn.o

.plt            0x000000000800021c        0x0
 *(.plt)
                0x000000000800021c                . = ALIGN (0x4)

.text           0x0000000008000220    0x179d8
 *(EXCLUDE_FILE(*.iwram*) .text*)
 .text.__do_global_dtors_aux
                0x0000000008000220       0x2c c:/devkitpro/devkitarm/bin/../lib/gcc/arm-none-eabi/12.1.0/thumb/crtbegin.o
 .text.frame_dummy
                0x000000000800024c       0x24 c:/devkitpro/devkitarm/bin/../lib/gcc/arm-none-eabi/12.1.0/thumb/crtbegin.o
 .text._ZN4Runa4Game15Battle_SequenceC2Ev
                0x0000000008000270       0x14 Battle_sequence.o
                0x0000000008000270                Runa::Game::Battle_Sequence::Battle_Sequence()
                0x0000000008000270                Runa::Game::Battle_Sequence::Battle_Sequence()
 .text._ZN4Runa4Game15Battle_SequenceD2Ev
                0x0000000008000284        0x4 Battle_sequence.o
                0x0000000008000284                Runa::Game::Battle_Sequence::~Battle_Sequence()
                0x0000000008000284                Runa::Game::Battle_Sequence::~Battle_Sequence()
 .text._ZN4Runa6Effect10TransitionC2ENS0_4TypeENS0_9DirectionEi
                0x0000000008000288       0x3c Effect_transition.o
                0x0000000008000288                Runa::Effect::Transition::Transition(Runa::Effect::Type, Runa::Effect::Direction, int)
                0x0000000008000288                Runa::Effect::Transition::Transition(Runa::Effect::Type, Runa::Effect::Direction, int)
 .text._ZN4Runa6Effect10TransitionD2Ev
                0x00000000080002c4        0x4 Effect_transition.o
                0x00000000080002c4                Runa::Effect::Transition::~Transition()
                0x00000000080002c4                Runa::Effect::Transition::~Transition()
 .text._ZN4Runa6Effect10Transition9Get_stateEv
                0x00000000080002c8        0x4 Effect_transition.o
                0x00000000080002c8                Runa::Effect::Transition::Get_state()
 .text._ZN2bn13ostringstream6appendILi12EEEvNS_7fixed_tIXT_EEE
                0x00000000080002cc       0xa0 Effect_transition.o
                0x00000000080002cc                void bn::ostringstream::append<12>(bn::fixed_t<12>)
 .text._ZN3_bn6assert9show_argsIA27_ciEEvPKcS4_S4_iRKT_RKT0_
                0x000000000800036c       0x58 Effect_transition.o
                0x000000000800036c                void _bn::assert::show_args<char [27], int>(char const*, char const*, char const*, int, char const (&) [27], int const&)
 .text._ZN3_bn6assert9show_argsIA15_cEEvPKcS4_S4_iRKT_
                0x00000000080003c4       0x50 Effect_transition.o
                0x00000000080003c4                void _bn::assert::show_args<char [15]>(char const*, char const*, char const*, int, char const (&) [15])
 .text._ZN4Runa6Effect10Transition6UpdateEv
                0x0000000008000414      0x18c Effect_transition.o
                0x0000000008000414                Runa::Effect::Transition::Update()
 .text._ZN3_bn6assert9show_argsIA28_ciEEvPKcS4_S4_iRKT_RKT0_
                0x00000000080005a0       0x58 Effect_transition.o
                0x00000000080005a0                void _bn::assert::show_args<char [28], int>(char const*, char const*, char const*, int, char const (&) [28], int const&)
 .text._ZN4Runa6Effect10Transition4InitEv
                0x00000000080005f8      0x2c8 Effect_transition.o
                0x00000000080005f8                Runa::Effect::Transition::Init()
 .text._ZN4Runa4Game5Enemy19Get_enemy_base_dataEi
                0x00000000080008c0       0x20 Enemy_data.o
                0x00000000080008c0                Runa::Game::Enemy::Get_enemy_base_data(int)
 .text._ZN4Runa4Game6BattleD2Ev
                0x00000000080008e0        0x4 Game_battle.o
                0x00000000080008e0                Runa::Game::Battle::~Battle()
                0x00000000080008e0                Runa::Game::Battle::~Battle()
 .text._ZN4Runa4Game6Battle6UpdateEv
                0x00000000080008e4        0x8 Game_battle.o
                0x00000000080008e4                Runa::Game::Battle::Update()
 .text._ZN4Runa4Game6BattleD0Ev
                0x00000000080008ec       0x14 Game_battle.o
                0x00000000080008ec                Runa::Game::Battle::~Battle()
 .text._ZN4Runa4Game6BattleC2ERN2bn10unique_ptrINS0_15Battle_SequenceENS2_14default_deleteIS4_EEEE
                0x0000000008000900        0xc Game_battle.o
                0x0000000008000900                Runa::Game::Battle::Battle(bn::unique_ptr<Runa::Game::Battle_Sequence, bn::default_delete<Runa::Game::Battle_Sequence> >&)
                0x0000000008000900                Runa::Game::Battle::Battle(bn::unique_ptr<Runa::Game::Battle_Sequence, bn::default_delete<Runa::Game::Battle_Sequence> >&)
 .text._ZN4Runa4Game6ChoiceD2Ev
                0x000000000800090c        0x4 Game_choice.o
                0x000000000800090c                Runa::Game::Choice::~Choice()
                0x000000000800090c                Runa::Game::Choice::~Choice()
 .text._ZN4Runa4Game6Choice6UpdateEv
                0x0000000008000910        0x8 Game_choice.o
                0x0000000008000910                Runa::Game::Choice::Update()
 .text._ZN4Runa4Game6ChoiceD0Ev
                0x0000000008000918       0x14 Game_choice.o
                0x0000000008000918                Runa::Game::Choice::~Choice()
 .text._ZN4Runa4Game6ChoiceC2ERN2bn10unique_ptrINS0_15Battle_SequenceENS2_14default_deleteIS4_EEEE
                0x000000000800092c       0x44 Game_choice.o
                0x000000000800092c                Runa::Game::Choice::Choice(bn::unique_ptr<Runa::Game::Battle_Sequence, bn::default_delete<Runa::Game::Battle_Sequence> >&)
                0x000000000800092c                Runa::Game::Choice::Choice(bn::unique_ptr<Runa::Game::Battle_Sequence, bn::default_delete<Runa::Game::Battle_Sequence> >&)
 .text._ZN4Runa5Scene7CreditsD2Ev
                0x0000000008000970       0x44 Scene_credits.o
                0x0000000008000970                Runa::Scene::Credits::~Credits()
                0x0000000008000970                Runa::Scene::Credits::~Credits()
 .text._ZN4Runa5Scene7Credits6UpdateEv
                0x00000000080009b4       0x64 Scene_credits.o
                0x00000000080009b4                Runa::Scene::Credits::Update()
 .text._ZN4Runa5Scene7CreditsD0Ev
                0x0000000008000a18       0x4c Scene_credits.o
                0x0000000008000a18                Runa::Scene::Credits::~Credits()
 .text._ZN4Runa5Scene7CreditsC2ERN2bn21sprite_text_generatorE
                0x0000000008000a64       0xb0 Scene_credits.o
                0x0000000008000a64                Runa::Scene::Credits::Credits(bn::sprite_text_generator&)
                0x0000000008000a64                Runa::Scene::Credits::Credits(bn::sprite_text_generator&)
 .text._ZN4Runa4Game9Game_RootD0Ev
                0x0000000008000b14       0x14 Scene_game.o
                0x0000000008000b14                Runa::Game::Game_Root::~Game_Root()
 .text._ZN4Runa5Scene4GameD2Ev
                0x0000000008000b28       0x6c Scene_game.o
                0x0000000008000b28                Runa::Scene::Game::~Game()
                0x0000000008000b28                Runa::Scene::Game::~Game()
 .text._ZN4Runa5Scene4GameD0Ev
                0x0000000008000b94       0x18 Scene_game.o
                0x0000000008000b94                Runa::Scene::Game::~Game()
 .text._ZN3_bn6assert9show_argsIA21_ciEEvPKcS4_S4_iRKT_RKT0_
                0x0000000008000bac       0x58 Scene_game.o
                0x0000000008000bac                void _bn::assert::show_args<char [21], int>(char const*, char const*, char const*, int, char const (&) [21], int const&)
 .text._ZN4Runa5Scene4Game6UpdateEv
                0x0000000008000c04       0xec Scene_game.o
                0x0000000008000c04                Runa::Scene::Game::Update()
 .text._ZN4Runa4Game9Game_RootD2Ev
                0x0000000008000cf0        0x4 Scene_game.o
                0x0000000008000cf0                Runa::Game::Game_Root::~Game_Root()
                0x0000000008000cf0                Runa::Game::Game_Root::~Game_Root()
 .text._ZN3_bn6assert9show_argsIA39_cEEvPKcS4_S4_iRKT_
                0x0000000008000cf4       0x50 Scene_game.o
                0x0000000008000cf4                void _bn::assert::show_args<char [39]>(char const*, char const*, char const*, int, char const (&) [39])
 .text._ZN3_bn6formatIiEEvRN2bn13ostringstreamEPKcS5_RKT_
                0x0000000008000d44       0xdc Scene_game.o
                0x0000000008000d44                void _bn::format<int>(bn::ostringstream&, char const*, char const*, int const&)
 .text._ZN4Runa5Scene4GameC2ERNS_6StatusERN2bn21sprite_text_generatorE
                0x0000000008000e20       0xb0 Scene_game.o
                0x0000000008000e20                Runa::Scene::Game::Game(Runa::Status&, bn::sprite_text_generator&)
                0x0000000008000e20                Runa::Scene::Game::Game(Runa::Status&, bn::sprite_text_generator&)
 .text._ZN4Runa5Scene12IntroductionD2Ev
                0x0000000008000ed0       0x44 Scene_introduction.o
                0x0000000008000ed0                Runa::Scene::Introduction::~Introduction()
                0x0000000008000ed0                Runa::Scene::Introduction::~Introduction()
 .text._ZN4Runa5Scene12Introduction6UpdateEv
                0x0000000008000f14       0x64 Scene_introduction.o
                0x0000000008000f14                Runa::Scene::Introduction::Update()
 .text._ZN4Runa5Scene12IntroductionD0Ev
                0x0000000008000f78       0x4c Scene_introduction.o
                0x0000000008000f78                Runa::Scene::Introduction::~Introduction()
 .text._ZN4Runa5Scene12IntroductionC2ERN2bn21sprite_text_generatorE
                0x0000000008000fc4       0xb0 Scene_introduction.o
                0x0000000008000fc4                Runa::Scene::Introduction::Introduction(bn::sprite_text_generator&)
                0x0000000008000fc4                Runa::Scene::Introduction::Introduction(bn::sprite_text_generator&)
 .text._ZN4Runa5Scene4LogoD2Ev
                0x0000000008001074       0x30 Scene_logo.o
                0x0000000008001074                Runa::Scene::Logo::~Logo()
                0x0000000008001074                Runa::Scene::Logo::~Logo()
 .text._ZN4Runa5Scene4Logo6UpdateEv
                0x00000000080010a4       0x6c Scene_logo.o
                0x00000000080010a4                Runa::Scene::Logo::Update()
 .text._ZN4Runa5Scene4LogoD0Ev
                0x0000000008001110       0x3c Scene_logo.o
                0x0000000008001110                Runa::Scene::Logo::~Logo()
 .text._ZN4Runa5Scene4LogoC2ERN2bn21sprite_text_generatorE
                0x000000000800114c       0x6c Scene_logo.o
                0x000000000800114c                Runa::Scene::Logo::Logo(bn::sprite_text_generator&)
                0x000000000800114c                Runa::Scene::Logo::Logo(bn::sprite_text_generator&)
 .text._ZN4Runa5Scene5TitleD2Ev
                0x00000000080011b8       0x50 Scene_title.o
                0x00000000080011b8                Runa::Scene::Title::~Title()
                0x00000000080011b8                Runa::Scene::Title::~Title()
 .text._ZN4Runa5Scene5TitleD0Ev
                0x0000000008001208       0x1c Scene_title.o
                0x0000000008001208                Runa::Scene::Title::~Title()
 .text._ZN4Runa5Scene5TitleC2ERN2bn21sprite_text_generatorE
                0x0000000008001224       0xe4 Scene_title.o
                0x0000000008001224                Runa::Scene::Title::Title(bn::sprite_text_generator&)
                0x0000000008001224                Runa::Scene::Title::Title(bn::sprite_text_generator&)
 .text._ZN4Runa5Scene5Title13Press_up_downEv
                0x0000000008001308       0x58 Scene_title.o
                0x0000000008001308                Runa::Scene::Title::Press_up_down()
 .text._ZN3_bn6assert9show_argsIA20_ciEEvPKcS4_S4_iRKT_RKT0_
                0x0000000008001360       0x58 Scene_title.o
                0x0000000008001360                void _bn::assert::show_args<char [20], int>(char const*, char const*, char const*, int, char const (&) [20], int const&)
 .text._ZN4Runa5Scene5Title14Get_next_sceneEv
                0x00000000080013b8       0x74 Scene_title.o
                0x00000000080013b8                Runa::Scene::Title::Get_next_scene()
 .text._ZN4Runa5Scene5Title6UpdateEv
                0x000000000800142c       0x74 Scene_title.o
                0x000000000800142c                Runa::Scene::Title::Update()
 .text._ZN4Runa6StatusC2Ev
                0x00000000080014a0       0x68 Status.o
                0x00000000080014a0                Runa::Status::Status()
                0x00000000080014a0                Runa::Status::Status()
 .text._ZN4Runa5Scene10Scene_RootD0Ev
                0x0000000008001508       0x14 main.o
                0x0000000008001508                Runa::Scene::Scene_Root::~Scene_Root()
 .text._ZN2bn10unique_ptrIN4Runa5Scene10Scene_RootENS_14default_deleteIS3_EEE5resetEv
                0x000000000800151c       0x34 main.o
                0x000000000800151c                bn::unique_ptr<Runa::Scene::Scene_Root, bn::default_delete<Runa::Scene::Scene_Root> >::reset()
 .text._ZN4Runa5Scene10Scene_RootD2Ev
                0x0000000008001550        0x4 main.o
                0x0000000008001550                Runa::Scene::Scene_Root::~Scene_Root()
                0x0000000008001550                Runa::Scene::Scene_Root::~Scene_Root()
 .text._ZN3_bn6formatIiJiEEEvRN2bn13ostringstreamEPKcS5_RKT_DpRKT0_
                0x0000000008001554       0xdc main.o
                0x0000000008001554                void _bn::format<int, int>(bn::ostringstream&, char const*, char const*, int const&, int const&)
 .text.startup.main
                0x0000000008001630      0x3d8 main.o
                0x0000000008001630                main
 .text._ZN2bn13audio_manager4initEPFvvES2_
                0x0000000008001a08        0xc bn_audio_manager.o
                0x0000000008001a08                bn::audio_manager::init(void (*)(), void (*)())
 .text._ZN2bn13audio_manager7disableEv
                0x0000000008001a14        0xc bn_audio_manager.o
                0x0000000008001a14                bn::audio_manager::disable()
 .text._ZN2bn13audio_manager22disable_vblank_handlerEv
                0x0000000008001a20        0xc bn_audio_manager.o
                0x0000000008001a20                bn::audio_manager::disable_vblank_handler()
 .text._ZN2bn13audio_manager6commitEv
                0x0000000008001a2c        0xc bn_audio_manager.o
                0x0000000008001a2c                bn::audio_manager::commit()
 .text._ZN3_bn6assert9show_argsIA18_ciEEvPKcS4_S4_iRKT_RKT0_
                0x0000000008001a38       0x58 bn_audio_manager.o
                0x0000000008001a38                void _bn::assert::show_args<char [18], int>(char const*, char const*, char const*, int, char const (&) [18], int const&)
 .text._ZN3_bn6assert9show_argsIA14_ciEEvPKcS4_S4_iRKT_RKT0_
                0x0000000008001a90       0x58 bn_audio_manager.o
                0x0000000008001a90                void _bn::assert::show_args<char [14], int>(char const*, char const*, char const*, int, char const (&) [14], int const&)
 .text._ZN2bn13audio_manager6updateEv
                0x0000000008001ae8      0x180 bn_audio_manager.o
                0x0000000008001ae8                bn::audio_manager::update()
 .text._ZN3_bn6assert9show_argsIA26_ciEEvPKcS4_S4_iRKT_RKT0_
                0x0000000008001c68       0x58 bn_audio_manager.o
                0x0000000008001c68                void _bn::assert::show_args<char [26], int>(char const*, char const*, char const*, int, char const (&) [26], int const&)
 .text._ZN3_bn6assert9show_argsIA33_cEEvPKcS4_S4_iRKT_
                0x0000000008001cc0       0x50 bn_audio_manager.o
                0x0000000008001cc0                void _bn::assert::show_args<char [33]>(char const*, char const*, char const*, int, char const (&) [33])
 .text._ZN3_bn6assert9show_argsIA25_cEEvPKcS4_S4_iRKT_
                0x0000000008001d10       0x50 bn_audio_manager.o
                0x0000000008001d10                void _bn::assert::show_args<char [25]>(char const*, char const*, char const*, int, char const (&) [25])
 .text._ZN2bn13audio_manager10stop_musicEv
                0x0000000008001d60       0x70 bn_audio_manager.o
                0x0000000008001d60                bn::audio_manager::stop_music()
 .text._ZN2bn13audio_manager4stopEv
                0x0000000008001dd0       0x5c bn_audio_manager.o
                0x0000000008001dd0                bn::audio_manager::stop()
 .text._ZN3_bn6assert9show_argsIA24_cEEvPKcS4_S4_iRKT_
                0x0000000008001e2c       0x50 bn_audio_manager.o
                0x0000000008001e2c                void _bn::assert::show_args<char [24]>(char const*, char const*, char const*, int, char const (&) [24])
 .text.startup._GLOBAL__sub_I__ZN2bn5audio16update_on_vblankEv
                0x0000000008001e7c       0x30 bn_audio_manager.o
 .text._ZN2bn19ibest_fit_allocatorC2ERNS_5ilistINS0_9item_typeEEERNS_7ivectorINS3_8iteratorEEE
                0x0000000008001eac        0x8 bn_best_fit_allocator.o
                0x0000000008001eac                bn::ibest_fit_allocator::ibest_fit_allocator(bn::ilist<bn::ibest_fit_allocator::item_type>&, bn::ivector<bn::ilist<bn::ibest_fit_allocator::item_type>::iterator>&)
                0x0000000008001eac                bn::ibest_fit_allocator::ibest_fit_allocator(bn::ilist<bn::ibest_fit_allocator::item_type>&, bn::ivector<bn::ilist<bn::ibest_fit_allocator::item_type>::iterator>&)
 .text._ZN3_bn6assert9show_argsIA18_cEEvPKcS4_S4_iRKT_
                0x0000000008001eb4       0x50 bn_best_fit_allocator.o
                0x0000000008001eb4                void _bn::assert::show_args<char [18]>(char const*, char const*, char const*, int, char const (&) [18])
 .text._ZN2bn19ibest_fit_allocatorD2Ev
                0x0000000008001f04       0x34 bn_best_fit_allocator.o
                0x0000000008001f04                bn::ibest_fit_allocator::~ibest_fit_allocator()
                0x0000000008001f04                bn::ibest_fit_allocator::~ibest_fit_allocator()
 .text._ZN3_bn6assert9show_argsIA16_ciEEvPKcS4_S4_iRKT_RKT0_
                0x0000000008001f38       0x58 bn_best_fit_allocator.o
                0x0000000008001f38                void _bn::assert::show_args<char [16], int>(char const*, char const*, char const*, int, char const (&) [16], int const&)
 .text._ZN3_bn6assert9show_argsIA14_cEEvPKcS4_S4_iRKT_
                0x0000000008001f90       0x50 bn_best_fit_allocator.o
                0x0000000008001f90                void _bn::assert::show_args<char [14]>(char const*, char const*, char const*, int, char const (&) [14])
 .text._ZN3_bn6assert9show_argsIA19_cEEvPKcS4_S4_iRKT_
                0x0000000008001fe0       0x50 bn_best_fit_allocator.o
                0x0000000008001fe0                void _bn::assert::show_args<char [19]>(char const*, char const*, char const*, int, char const (&) [19])
 .text._ZN3_bn6assert9show_argsIA13_cEEvPKcS4_S4_iRKT_
                0x0000000008002030       0x50 bn_best_fit_allocator.o
                0x0000000008002030                void _bn::assert::show_args<char [13]>(char const*, char const*, char const*, int, char const (&) [13])
 .text._ZN3_bn6assert9show_argsIA16_cEEvPKcS4_S4_iRKT_
                0x0000000008002080       0x50 bn_best_fit_allocator.o
                0x0000000008002080                void _bn::assert::show_args<char [16]>(char const*, char const*, char const*, int, char const (&) [16])
 .text._ZN3_bn6assert9show_argsIA17_cEEvPKcS4_S4_iRKT_
                0x00000000080020d0       0x50 bn_best_fit_allocator.o
                0x00000000080020d0                void _bn::assert::show_args<char [17]>(char const*, char const*, char const*, int, char const (&) [17])
 .text._ZN2bn19ibest_fit_allocator16_erase_free_itemENS_5ilistINS0_9item_typeEE8iteratorE
                0x0000000008002120       0xcc bn_best_fit_allocator.o
                0x0000000008002120                bn::ibest_fit_allocator::_erase_free_item(bn::ilist<bn::ibest_fit_allocator::item_type>::iterator)
 .text._ZN2bn19ibest_fit_allocator5_initEPvi
                0x00000000080021ec      0x104 bn_best_fit_allocator.o
                0x00000000080021ec                bn::ibest_fit_allocator::_init(void*, int)
 .text._ZN2bn19ibest_fit_allocator17_insert_free_itemENS_5ilistINS0_9item_typeEE8iteratorEPS4_
                0x00000000080022f0       0xc4 bn_best_fit_allocator.o
                0x00000000080022f0                bn::ibest_fit_allocator::_insert_free_item(bn::ilist<bn::ibest_fit_allocator::item_type>::iterator, bn::ilist<bn::ibest_fit_allocator::item_type>::iterator*)
 .text._ZN2bn19ibest_fit_allocator5allocEi
                0x00000000080023b4      0x1a4 bn_best_fit_allocator.o
                0x00000000080023b4                bn::ibest_fit_allocator::alloc(int)
 .text._ZN2bn19ibest_fit_allocator4freeEPv
                0x0000000008002558      0x144 bn_best_fit_allocator.o
                0x0000000008002558                bn::ibest_fit_allocator::free(void*)
 .text._ZN2bn17bg_blocks_manager12_GLOBAL__N_125_regular_map_blocks_countEii
                0x000000000800269c       0x38 bn_bg_blocks_manager.o
 .text._ZN2bn13ostringstream11append_argsIiJA4_ctEEEvRKT_DpRKT0_.isra.0
                0x00000000080026d4       0x24 bn_bg_blocks_manager.o
 .text._ZN2bn13ostringstream11append_argsIiJA4_ciEEEvRKT_DpRKT0_.isra.0
                0x00000000080026f8       0x24 bn_bg_blocks_manager.o
 .text._ZN2bn17bg_blocks_manager15decrease_usagesEi.part.0
                0x000000000800271c       0xc0 bn_bg_blocks_manager.o
 .text._ZNK2bn18regular_bg_map_ptr2idEv
                0x00000000080027dc       0x18 bn_bg_blocks_manager.o
                0x00000000080027dc                bn::regular_bg_map_ptr::id() const
 .text._ZNK2bn18regular_bg_map_ptr10dimensionsEv
                0x00000000080027f4       0x20 bn_bg_blocks_manager.o
                0x00000000080027f4                bn::regular_bg_map_ptr::dimensions() const
 .text._ZN2bn18regular_bg_map_ptr8_destroyEv
                0x0000000008002814       0x2c bn_bg_blocks_manager.o
                0x0000000008002814                bn::regular_bg_map_ptr::_destroy()
 .text._ZNK2bn20regular_bg_tiles_ptr3cbbEv
                0x0000000008002840       0x18 bn_bg_blocks_manager.o
                0x0000000008002840                bn::regular_bg_tiles_ptr::cbb() const
 .text._ZNK2bn17affine_bg_map_ptr2idEv
                0x0000000008002858       0x18 bn_bg_blocks_manager.o
                0x0000000008002858                bn::affine_bg_map_ptr::id() const
 .text._ZNK2bn17affine_bg_map_ptr10dimensionsEv
                0x0000000008002870       0x20 bn_bg_blocks_manager.o
                0x0000000008002870                bn::affine_bg_map_ptr::dimensions() const
 .text._ZN2bn17affine_bg_map_ptr8_destroyEv
                0x0000000008002890       0x2c bn_bg_blocks_manager.o
                0x0000000008002890                bn::affine_bg_map_ptr::_destroy()
 .text._ZNK2bn19affine_bg_tiles_ptr3cbbEv
                0x00000000080028bc       0x18 bn_bg_blocks_manager.o
                0x00000000080028bc                bn::affine_bg_tiles_ptr::cbb() const
 .text._ZN2bn17bg_blocks_manager10log_statusEv
                0x00000000080028d4      0x3fc bn_bg_blocks_manager.o
                0x00000000080028d4                bn::bg_blocks_manager::log_status()
 .text._ZN2bn17bg_blocks_manager11must_commitEi
                0x0000000008002cd0       0x18 bn_bg_blocks_manager.o
                0x0000000008002cd0                bn::bg_blocks_manager::must_commit(int)
 .text._ZN3_bn6assert9show_argsIA15_ciEEvPKcS4_S4_iRKT_RKT0_
                0x0000000008002ce8       0x58 bn_bg_blocks_manager.o
                0x0000000008002ce8                void _bn::assert::show_args<char [15], int>(char const*, char const*, char const*, int, char const (&) [15], int const&)
 .text._ZN3_bn6assert9show_argsIA26_cEEvPKcS4_S4_iRKT_
                0x0000000008002d40       0x50 bn_bg_blocks_manager.o
                0x0000000008002d40                void _bn::assert::show_args<char [26]>(char const*, char const*, char const*, int, char const (&) [26])
 .text._ZN3_bn6assert9show_argsIJA16_ciA4_ciEEEvPKcS5_S5_iDpRKT_
                0x0000000008002d90       0x5c bn_bg_blocks_manager.o
                0x0000000008002d90                void _bn::assert::show_args<char [16], int, char [4], int>(char const*, char const*, char const*, int, char const (&) [16], int const&, char const (&) [4], int const&)
 .text._ZN3_bn6assert9show_argsIJA22_ciA4_ciEEEvPKcS5_S5_iDpRKT_
                0x0000000008002dec       0x5c bn_bg_blocks_manager.o
                0x0000000008002dec                void _bn::assert::show_args<char [22], int, char [4], int>(char const*, char const*, char const*, int, char const (&) [22], int const&, char const (&) [4], int const&)
 .text._ZN3_bn6assert9show_argsIJA58_ciA4_ciEEEvPKcS5_S5_iDpRKT_
                0x0000000008002e48       0x5c bn_bg_blocks_manager.o
                0x0000000008002e48                void _bn::assert::show_args<char [58], int, char [4], int>(char const*, char const*, char const*, int, char const (&) [58], int const&, char const (&) [4], int const&)
 .text._ZN3_bn6assert9show_argsIA22_ciEEvPKcS4_S4_iRKT_RKT0_
                0x0000000008002ea4       0x58 bn_bg_blocks_manager.o
                0x0000000008002ea4                void _bn::assert::show_args<char [22], int>(char const*, char const*, char const*, int, char const (&) [22], int const&)
 .text._ZN3_bn6assert9show_argsIJA44_cPKtA4_cS4_EEEvPKcS7_S7_iDpRKT_
                0x0000000008002efc       0x6c bn_bg_blocks_manager.o
                0x0000000008002efc                void _bn::assert::show_args<char [44], unsigned short const*, char [4], unsigned short const*>(char const*, char const*, char const*, int, char const (&) [44], unsigned short const* const&, char const (&) [4], unsigned short const* const&)
 .text._ZN3_bn6assert9show_argsIJA46_ciA4_ciEEEvPKcS5_S5_iDpRKT_
                0x0000000008002f68       0x5c bn_bg_blocks_manager.o
                0x0000000008002f68                void _bn::assert::show_args<char [46], int, char [4], int>(char const*, char const*, char const*, int, char const (&) [46], int const&, char const (&) [4], int const&)
 .text._ZN3_bn6assert9show_argsIJA37_cbA4_cbEEEvPKcS5_S5_iDpRKT_
                0x0000000008002fc4       0x84 bn_bg_blocks_manager.o
                0x0000000008002fc4                void _bn::assert::show_args<char [37], bool, char [4], bool>(char const*, char const*, char const*, int, char const (&) [37], bool const&, char const (&) [4], bool const&)
 .text._ZN2bn17bg_blocks_manager12_GLOBAL__N_116_find_tiles_implEPKtNS_16compression_typeEib
                0x0000000008003048      0x1f0 bn_bg_blocks_manager.o
 .text._ZN3_bn6assert9show_argsIJA34_ciA4_ctEEEvPKcS5_S5_iDpRKT_
                0x0000000008003238       0x5c bn_bg_blocks_manager.o
                0x0000000008003238                void _bn::assert::show_args<char [34], int, char [4], unsigned short>(char const*, char const*, char const*, int, char const (&) [34], int const&, char const (&) [4], unsigned short const&)
 .text._ZN3_bn6assert9show_argsIJA36_ciA4_ctEEEvPKcS5_S5_iDpRKT_
                0x0000000008003294       0x5c bn_bg_blocks_manager.o
                0x0000000008003294                void _bn::assert::show_args<char [36], int, char [4], unsigned short>(char const*, char const*, char const*, int, char const (&) [36], int const&, char const (&) [4], unsigned short const&)
 .text._ZN3_bn6assert9show_argsIJA54_ciA4_ciEEEvPKcS5_S5_iDpRKT_
                0x00000000080032f0       0x5c bn_bg_blocks_manager.o
                0x00000000080032f0                void _bn::assert::show_args<char [54], int, char [4], int>(char const*, char const*, char const*, int, char const (&) [54], int const&, char const (&) [4], int const&)
 .text._ZN3_bn6assert9show_argsIA22_cEEvPKcS4_S4_iRKT_
                0x000000000800334c       0x50 bn_bg_blocks_manager.o
                0x000000000800334c                void _bn::assert::show_args<char [22]>(char const*, char const*, char const*, int, char const (&) [22])
 .text._ZNK2bn17affine_bg_map_ptr5tilesEv
                0x000000000800339c       0x48 bn_bg_blocks_manager.o
                0x000000000800339c                bn::affine_bg_map_ptr::tiles() const
 .text._ZNK2bn18regular_bg_map_ptr5tilesEv
                0x00000000080033e4       0x48 bn_bg_blocks_manager.o
                0x00000000080033e4                bn::regular_bg_map_ptr::tiles() const
 .text._ZNK2bn18regular_bg_map_ptr3bppEv
                0x000000000800342c       0x4c bn_bg_blocks_manager.o
                0x000000000800342c                bn::regular_bg_map_ptr::bpp() const
 .text._ZN2bn17bg_blocks_manager21update_affine_map_rowEiii
                0x0000000008003478       0xfc bn_bg_blocks_manager.o
                0x0000000008003478                bn::bg_blocks_manager::update_affine_map_row(int, int, int)
 .text._ZN2bn17bg_blocks_manager23set_affine_map_positionEiii
                0x0000000008003574      0x1ac bn_bg_blocks_manager.o
                0x0000000008003574                bn::bg_blocks_manager::set_affine_map_position(int, int, int)
 .text._ZN2bn17bg_blocks_manager21update_affine_map_colEiii
                0x0000000008003720      0x224 bn_bg_blocks_manager.o
                0x0000000008003720                bn::bg_blocks_manager::update_affine_map_col(int, int, int)
 .text._ZN2bn17bg_blocks_manager22update_regular_map_colEiii
                0x0000000008003944      0x174 bn_bg_blocks_manager.o
                0x0000000008003944                bn::bg_blocks_manager::update_regular_map_col(int, int, int)
 .text._ZN2bn17bg_blocks_manager22update_regular_map_rowEiii
                0x0000000008003ab8      0x148 bn_bg_blocks_manager.o
                0x0000000008003ab8                bn::bg_blocks_manager::update_regular_map_row(int, int, int)
 .text._ZN2bn17bg_blocks_manager24set_regular_map_positionEiii
                0x0000000008003c00      0x1e0 bn_bg_blocks_manager.o
                0x0000000008003c00                bn::bg_blocks_manager::set_regular_map_position(int, int, int)
 .text._ZN2bn17bg_blocks_manager12_GLOBAL__N_112_commit_itemERKNS1_9item_typeE
                0x0000000008003de0      0x2a8 bn_bg_blocks_manager.o
 .text._ZN2bn17bg_blocks_manager6commitEv
                0x0000000008004088       0x40 bn_bg_blocks_manager.o
                0x0000000008004088                bn::bg_blocks_manager::commit()
 .text._ZN3_bn6assert9show_argsIJA34_ciA4_ciEEEvPKcS5_S5_iDpRKT_
                0x00000000080040c8       0x5c bn_bg_blocks_manager.o
                0x00000000080040c8                void _bn::assert::show_args<char [34], int, char [4], int>(char const*, char const*, char const*, int, char const (&) [34], int const&, char const (&) [4], int const&)
 .text._ZN3_bn6assert9show_argsIJA38_ciA4_ciEEEvPKcS5_S5_iDpRKT_
                0x0000000008004124       0x5c bn_bg_blocks_manager.o
                0x0000000008004124                void _bn::assert::show_args<char [38], int, char [4], int>(char const*, char const*, char const*, int, char const (&) [38], int const&, char const (&) [4], int const&)
 .text._ZN2bn17bg_blocks_manager12_GLOBAL__N_122_find_regular_map_implERKNS_19regular_bg_map_itemERKNS_20regular_bg_tiles_ptrERKNS_14bg_palette_ptrE
                0x0000000008004180      0x3b4 bn_bg_blocks_manager.o
 .text._ZN3_bn6assert9show_argsIJA32_cA15_cPKtA16_ciA17_ciA43_cN2bn11string_viewEEEEvPKcSC_SC_iDpRKT_
                0x0000000008004534       0x94 bn_bg_blocks_manager.o
                0x0000000008004534                void _bn::assert::show_args<char [32], char [15], unsigned short const*, char [16], int, char [17], int, char [43], bn::string_view>(char const*, char const*, char const*, int, char const (&) [32], char const (&) [15], unsigned short const* const&, char const (&) [16], int const&, char const (&) [17], int const&, char const (&) [43], bn::string_view const&)
 .text._ZN3_bn6assert9show_argsIA46_cEEvPKcS4_S4_iRKT_
                0x00000000080045c8       0x50 bn_bg_blocks_manager.o
                0x00000000080045c8                void _bn::assert::show_args<char [46]>(char const*, char const*, char const*, int, char const (&) [46])
 .text._ZN3_bn6assert9show_argsIJA30_cA13_cPKtA14_ciA15_ciA17_ciA43_cN2bn11string_viewEEEEvPKcSD_SD_iDpRKT_
                0x0000000008004618       0xa8 bn_bg_blocks_manager.o
                0x0000000008004618                void _bn::assert::show_args<char [30], char [13], unsigned short const*, char [14], int, char [15], int, char [17], int, char [43], bn::string_view>(char const*, char const*, char const*, int, char const (&) [30], char const (&) [13], unsigned short const* const&, char const (&) [14], int const&, char const (&) [15], int const&, char const (&) [17], int const&, char const (&) [43], bn::string_view const&)
 .text._ZN2bn17bg_blocks_manager12_GLOBAL__N_110items_list12insert_afterEiRKNS1_9item_typeE.constprop.0
                0x00000000080046c0      0x2b0 bn_bg_blocks_manager.o
 .text._ZN2bn17bg_blocks_manager4initEv
                0x0000000008004970      0x15c bn_bg_blocks_manager.o
                0x0000000008004970                bn::bg_blocks_manager::init()
 .text._ZN2bn13ostringstream11append_argsIA4_cJiEEEvRKT_DpRKT0_
                0x0000000008004acc       0x18 bn_bg_blocks_manager.o
                0x0000000008004acc                void bn::ostringstream::append_args<char [4], int>(char const (&) [4], int const&)
 .text._ZN3_bn6assert9show_argsIJA39_cPKN2bn4tileEA4_ciEEEvPKcS9_S9_iDpRKT_
                0x0000000008004ae4       0x64 bn_bg_blocks_manager.o
                0x0000000008004ae4                void _bn::assert::show_args<char [39], bn::tile const*, char [4], int>(char const*, char const*, char const*, int, char const (&) [39], bn::tile const* const&, char const (&) [4], int const&)
 .text._ZN3_bn6assert9show_argsIA25_ciEEvPKcS4_S4_iRKT_RKT0_
                0x0000000008004b48       0x58 bn_bg_blocks_manager.o
                0x0000000008004b48                void _bn::assert::show_args<char [25], int>(char const*, char const*, char const*, int, char const (&) [25], int const&)
 .text._ZN2bn14iunordered_mapIPKviNS_4hashIS2_EENS_8equal_toIS2_EEE5eraseERKNS7_14const_iteratorE.isra.0
                0x0000000008004ba0      0x17c bn_bg_blocks_manager.o
 .text._ZN2bn17bg_blocks_manager12_GLOBAL__N_112_create_itemEiibONS1_11create_dataE
                0x0000000008004d1c      0x570 bn_bg_blocks_manager.o
 .text._ZN2bn17bg_blocks_manager12_GLOBAL__N_121_remove_adjacent_itemEiRNS1_9item_typeE
                0x000000000800528c       0xd8 bn_bg_blocks_manager.o
 .text._ZN2bn17bg_blocks_manager6updateEv
                0x0000000008005364      0x254 bn_bg_blocks_manager.o
                0x0000000008005364                bn::bg_blocks_manager::update()
 .text._ZN2bn17bg_blocks_manager12_GLOBAL__N_112_create_implEONS1_11create_dataE
                0x00000000080055b8      0x1d0 bn_bg_blocks_manager.o
 .text._ZN2bn17bg_blocks_manager20create_regular_tilesERKNS_21regular_bg_tiles_itemEb
                0x0000000008005788      0x170 bn_bg_blocks_manager.o
                0x0000000008005788                bn::bg_blocks_manager::create_regular_tiles(bn::regular_bg_tiles_item const&, bool)
 .text._ZN2bn17bg_blocks_manager18create_regular_mapERKNS_19regular_bg_map_itemEONS_20regular_bg_tiles_ptrEONS_14bg_palette_ptrEb
                0x00000000080058f8      0x29c bn_bg_blocks_manager.o
                0x00000000080058f8                bn::bg_blocks_manager::create_regular_map(bn::regular_bg_map_item const&, bn::regular_bg_tiles_ptr&&, bn::bg_palette_ptr&&, bool)
 .text._ZN2bn18regular_bg_map_ptr6createERKNS_15regular_bg_itemE
                0x0000000008005b94       0x70 bn_bg_blocks_manager.o
                0x0000000008005b94                bn::regular_bg_map_ptr::create(bn::regular_bg_item const&)
 .text.startup._GLOBAL__sub_I__ZN2bn7bg_maps16used_cells_countEv
                0x0000000008005c04       0xa4 bn_bg_blocks_manager.o
 .text.exit._GLOBAL__sub_D__ZN2bn7bg_maps16used_cells_countEv
                0x0000000008005ca8       0x80 bn_bg_blocks_manager.o
 .text._ZN2bn11bgs_manager12_GLOBAL__N_129_check_unique_regular_big_mapERNS1_9item_typeE
                0x0000000008005d28       0x68 bn_bgs_manager.o
 .text._ZN2bn13ostringstream11append_argsIiJA4_ciEEEvRKT_DpRKT0_.isra.0
                0x0000000008005d90       0x24 bn_bgs_manager.o
 .text._ZN2bn14regular_bg_ptr18set_mosaic_enabledEb
                0x0000000008005db4       0x60 bn_bgs_manager.o
                0x0000000008005db4                bn::regular_bg_ptr::set_mosaic_enabled(bool)
 .text._ZN2bn14regular_bg_ptr20set_blending_enabledEb
                0x0000000008005e14       0x3c bn_bgs_manager.o
                0x0000000008005e14                bn::regular_bg_ptr::set_blending_enabled(bool)
 .text._ZN2bn11bgs_manager5hw_idEPv
                0x0000000008005e50       0x24 bn_bgs_manager.o
                0x0000000008005e50                bn::bgs_manager::hw_id(void*)
 .text._ZN2bn11bgs_manager11hw_positionEPv
                0x0000000008005e74        0x4 bn_bgs_manager.o
                0x0000000008005e74                bn::bgs_manager::hw_position(void*)
 .text._ZN2bn11bgs_manager14mat_attributesEPv
                0x0000000008005e78        0x4 bn_bgs_manager.o
                0x0000000008005e78                bn::bgs_manager::mat_attributes(void*)
 .text._ZN2bn11bgs_manager20update_windows_flagsEPj
                0x0000000008005e7c       0x7c bn_bgs_manager.o
                0x0000000008005e7c                bn::bgs_manager::update_windows_flags(unsigned int*)
 .text._ZN2bn11bgs_manager36fill_hblank_effect_regular_positionsEiPKNS_7fixed_tILi12EEEPt
                0x0000000008005ef8       0x38 bn_bgs_manager.o
                0x0000000008005ef8                bn::bgs_manager::fill_hblank_effect_regular_positions(int, bn::fixed_t<12> const*, unsigned short*)
 .text._ZN2bn11bgs_manager45fill_hblank_effect_pivot_horizontal_positionsEPvPKNS_7fixed_tILi12EEEPj
                0x0000000008005f30       0x24 bn_bgs_manager.o
                0x0000000008005f30                bn::bgs_manager::fill_hblank_effect_pivot_horizontal_positions(void*, bn::fixed_t<12> const*, unsigned int*)
 .text._ZN2bn11bgs_manager43fill_hblank_effect_pivot_vertical_positionsEPvPKNS_7fixed_tILi12EEEPj
                0x0000000008005f54       0x24 bn_bgs_manager.o
                0x0000000008005f54                bn::bgs_manager::fill_hblank_effect_pivot_vertical_positions(void*, bn::fixed_t<12> const*, unsigned int*)
 .text._ZN2bn11bgs_manager6commitEv
                0x0000000008005f78       0xf8 bn_bgs_manager.o
                0x0000000008005f78                bn::bgs_manager::commit()
 .text._ZN2bn11bgs_manager4stopEv
                0x0000000008006070       0x28 bn_bgs_manager.o
                0x0000000008006070                bn::bgs_manager::stop()
 .text._ZN3_bn6assert9show_argsIA17_ciEEvPKcS4_S4_iRKT_RKT0_
                0x0000000008006098       0x58 bn_bgs_manager.o
                0x0000000008006098                void _bn::assert::show_args<char [17], int>(char const*, char const*, char const*, int, char const (&) [17], int const&)
 .text._ZN3_bn6assert9show_argsIA30_cEEvPKcS4_S4_iRKT_
                0x00000000080060f0       0x50 bn_bgs_manager.o
                0x00000000080060f0                void _bn::assert::show_args<char [30]>(char const*, char const*, char const*, int, char const (&) [30])
 .text._ZN3_bn6assert9show_argsIJA60_ciA4_ciEEEvPKcS5_S5_iDpRKT_
                0x0000000008006140       0x5c bn_bgs_manager.o
                0x0000000008006140                void _bn::assert::show_args<char [60], int, char [4], int>(char const*, char const*, char const*, int, char const (&) [60], int const&, char const (&) [4], int const&)
 .text._ZN3_bn6assert9show_argsIJA59_ciA4_ciEEEvPKcS5_S5_iDpRKT_
                0x000000000800619c       0x5c bn_bgs_manager.o
                0x000000000800619c                void _bn::assert::show_args<char [59], int, char [4], int>(char const*, char const*, char const*, int, char const (&) [59], int const&, char const (&) [4], int const&)
 .text._ZN3_bn6assert9show_argsIJA57_ciA4_ciEEEvPKcS5_S5_iDpRKT_
                0x00000000080061f8       0x5c bn_bgs_manager.o
                0x00000000080061f8                void _bn::assert::show_args<char [57], int, char [4], int>(char const*, char const*, char const*, int, char const (&) [57], int const&, char const (&) [4], int const&)
 .text._ZN2bn11bgs_manager14update_camerasEv
                0x0000000008006254      0x2d4 bn_bgs_manager.o
                0x0000000008006254                bn::bgs_manager::update_cameras()
 .text._ZN2bn11bgs_manager15commit_big_mapsEv
                0x0000000008006528      0x1d4 bn_bgs_manager.o
                0x0000000008006528                bn::bgs_manager::commit_big_maps()
 .text._ZN2bn11bgs_manager12_GLOBAL__N_19item_type18update_regular_mapEv
                0x00000000080066fc      0x29c bn_bgs_manager.o
 .text._ZN2bn18regular_bg_builder11release_mapEv
                0x0000000008006998       0x54 bn_bgs_manager.o
                0x0000000008006998                bn::regular_bg_builder::release_map()
 .text._ZN2bn11bgs_manager11regular_mapEPv
                0x00000000080069ec       0x34 bn_bgs_manager.o
                0x00000000080069ec                bn::bgs_manager::regular_map(void*)
 .text._ZN2bn11bgs_manager10affine_mapEPv
                0x0000000008006a20       0x34 bn_bgs_manager.o
                0x0000000008006a20                bn::bgs_manager::affine_map(void*)
 .text._ZN2bn11bgs_manager37fill_hblank_effect_regular_attributesEPvPKNS_21regular_bg_attributesEPt
                0x0000000008006a54      0x104 bn_bgs_manager.o
                0x0000000008006a54                bn::bgs_manager::fill_hblank_effect_regular_attributes(void*, bn::regular_bg_attributes const*, unsigned short*)
 .text._ZN2bn11bgs_manager36fill_hblank_effect_affine_attributesEPvPKNS_20affine_bg_attributesEPt
                0x0000000008006b58      0x108 bn_bgs_manager.o
                0x0000000008006b58                bn::bgs_manager::fill_hblank_effect_affine_attributes(void*, bn::affine_bg_attributes const*, unsigned short*)
 .text._ZN3_bn6assert9show_argsIA31_cEEvPKcS4_S4_iRKT_
                0x0000000008006c60       0x50 bn_bgs_manager.o
                0x0000000008006c60                void _bn::assert::show_args<char [31]>(char const*, char const*, char const*, int, char const (&) [31])
 .text._ZN2bn11bgs_manager15rebuild_handlesEv.part.0
                0x0000000008006cb0      0x174 bn_bgs_manager.o
 .text._ZN2bn11bgs_manager6updateEv
                0x0000000008006e24      0x1d0 bn_bgs_manager.o
                0x0000000008006e24                bn::bgs_manager::update()
 .text._ZN2bn11bgs_manager12_GLOBAL__N_112_insert_itemERNS1_9item_typeE
                0x0000000008006ff4      0x100 bn_bgs_manager.o
 .text._ZN2bn11bgs_manager6createEONS_18regular_bg_builderE
                0x00000000080070f4      0x208 bn_bgs_manager.o
                0x00000000080070f4                bn::bgs_manager::create(bn::regular_bg_builder&&)
 .text._ZNK2bn15regular_bg_item9create_bgENS_7fixed_tILi12EEES2_
                0x00000000080072fc       0x80 bn_bgs_manager.o
                0x00000000080072fc                bn::regular_bg_item::create_bg(bn::fixed_t<12>, bn::fixed_t<12>) const
 .text._ZN3_bn6assert9show_argsIJA23_ciA4_ciEEEvPKcS5_S5_iDpRKT_
                0x000000000800737c       0x5c bn_bgs_manager.o
                0x000000000800737c                void _bn::assert::show_args<char [23], int, char [4], int>(char const*, char const*, char const*, int, char const (&) [23], int const&, char const (&) [4], int const&)
 .text._ZN2bn5eraseERNS_7ivectorIPNS_11bgs_manager12_GLOBAL__N_19item_typeEEERKS4_.constprop.0.isra.0
                0x00000000080073d8      0x150 bn_bgs_manager.o
 .text._ZN2bn11bgs_manager15decrease_usagesEPv
                0x0000000008007528       0xc0 bn_bgs_manager.o
                0x0000000008007528                bn::bgs_manager::decrease_usages(void*)
 .text._ZN2bn14regular_bg_ptr8_destroyEv
                0x00000000080075e8       0x10 bn_bgs_manager.o
                0x00000000080075e8                bn::regular_bg_ptr::_destroy()
 .text.startup._GLOBAL__sub_I__ZN2bn3bgs16used_items_countEv
                0x00000000080075f8       0x64 bn_bgs_manager.o
 .text.exit._GLOBAL__sub_D__ZN2bn3bgs16used_items_countEv
                0x000000000800765c       0x14 bn_bgs_manager.o
 .text._ZNK2bn10camera_ptr8positionEv
                0x0000000008007670       0x14 bn_cameras_manager.o
                0x0000000008007670                bn::camera_ptr::position() const
 .text._ZN2bn15cameras_manager6updateEv
                0x0000000008007684       0x28 bn_cameras_manager.o
                0x0000000008007684                bn::cameras_manager::update()
 .text._ZN2bn15cameras_manager4initEv
                0x00000000080076ac       0x54 bn_cameras_manager.o
                0x00000000080076ac                bn::cameras_manager::init()
 .text._ZN2bn10camera_ptr8_destroyEv
                0x0000000008007700       0x60 bn_cameras_manager.o
                0x0000000008007700                bn::camera_ptr::_destroy()
 .text.startup._GLOBAL__sub_I__ZN2bn7cameras16used_items_countEv
                0x0000000008007760       0x2c bn_cameras_manager.o
 .text._ZN3_bn6assert9show_argsIA21_cN2bn7fixed_tILi12EEEEEvPKcS7_S7_iRKT_RKT0_
                0x000000000800778c       0x58 bn_color_effect.o
                0x000000000800778c                void _bn::assert::show_args<char [21], bn::fixed_t<12> >(char const*, char const*, char const*, int, char const (&) [21], bn::fixed_t<12> const&)
 .text._ZN2bn4core12_GLOBAL__N_111update_implEv
                0x00000000080077e4       0x74 bn_core.o
 .text._ZN2bn4core12_GLOBAL__N_118hp_vblank_functionEv
                0x0000000008007858       0x44 bn_core.o
 .text._ZN2bn4core12_GLOBAL__N_14stopEb.constprop.0
                0x000000000800789c       0x40 bn_core.o
 .text._ZN2bn11string_viewC2EPKc
                0x00000000080078dc       0x1c bn_core.o
                0x00000000080078dc                bn::string_view::string_view(char const*)
                0x00000000080078dc                bn::string_view::string_view(char const*)
 .text._ZN2bn4core6updateEv
                0x00000000080078f8       0x78 bn_core.o
                0x00000000080078f8                bn::core::update()
 .text._ZN2bn4core4initERKNS_11string_viewE
                0x0000000008007970       0xa0 bn_core.o
                0x0000000008007970                bn::core::init(bn::string_view const&)
 .text._ZN2bn4core4initEv
                0x0000000008007a10       0x18 bn_core.o
                0x0000000008007a10                bn::core::init()
 .text._ZN2bn4core14last_cpu_usageEv
                0x0000000008007a28       0x24 bn_core.o
                0x0000000008007a28                bn::core::last_cpu_usage()
 .text._ZN3_bn6assert4showEPKcS2_S2_iRKN2bn12istring_baseE
                0x0000000008007a4c       0x60 bn_core.o
                0x0000000008007a4c                _bn::assert::show(char const*, char const*, char const*, int, bn::istring_base const&)
 .text.startup._GLOBAL__sub_I__ZN2bn4core4initEv
                0x0000000008007aac       0x3c bn_core.o
 .text._ZN2bn15display_manager12_GLOBAL__N_134_update_rect_windows_hw_boundariesEi
                0x0000000008007ae8       0x8c bn_display_manager.o
 .text._ZN2bn8blending18transparency_alphaEv
                0x0000000008007b74       0x18 bn_display_manager.o
                0x0000000008007b74                bn::blending::transparency_alpha()
 .text._ZN2bn8blending15intensity_alphaEv
                0x0000000008007b8c       0x18 bn_display_manager.o
                0x0000000008007b8c                bn::blending::intensity_alpha()
 .text._ZN2bn8blending10fade_alphaEv
                0x0000000008007ba4        0xc bn_display_manager.o
                0x0000000008007ba4                bn::blending::fade_alpha()
 .text._ZN2bn10bgs_mosaic18horizontal_stretchEv
                0x0000000008007bb0        0xc bn_display_manager.o
                0x0000000008007bb0                bn::bgs_mosaic::horizontal_stretch()
 .text._ZN2bn14sprites_mosaic18horizontal_stretchEv
                0x0000000008007bbc        0xc bn_display_manager.o
                0x0000000008007bbc                bn::sprites_mosaic::horizontal_stretch()
 .text._ZN2bn15display_manager4initEv
                0x0000000008007bc8       0x40 bn_display_manager.o
                0x0000000008007bc8                bn::display_manager::init()
 .text._ZN2bn15display_manager8set_modeEi
                0x0000000008007c08       0x1c bn_display_manager.o
                0x0000000008007c08                bn::display_manager::set_mode(int)
 .text._ZN2bn15display_manager14set_bg_enabledEib
                0x0000000008007c24       0x1c bn_display_manager.o
                0x0000000008007c24                bn::display_manager::set_bg_enabled(int, bool)
 .text._ZN2bn15display_manager15disable_all_bgsEv
                0x0000000008007c40       0x18 bn_display_manager.o
                0x0000000008007c40                bn::display_manager::disable_all_bgs()
 .text._ZN2bn15display_manager36fill_mosaic_hblank_effect_attributesEPKNS_17mosaic_attributesEPt
                0x0000000008007c58       0xb4 bn_display_manager.o
                0x0000000008007c58                bn::display_manager::fill_mosaic_hblank_effect_attributes(bn::mosaic_attributes const*, unsigned short*)
 .text._ZN2bn15display_manager23set_blending_bg_enabledEib
                0x0000000008007d0c       0x14 bn_display_manager.o
                0x0000000008007d0c                bn::display_manager::set_blending_bg_enabled(int, bool)
 .text._ZN2bn15display_manager32blending_transparency_top_weightEv
                0x0000000008007d20       0x18 bn_display_manager.o
                0x0000000008007d20                bn::display_manager::blending_transparency_top_weight()
 .text._ZN2bn15display_manager35blending_transparency_bottom_weightEv
                0x0000000008007d38       0x28 bn_display_manager.o
                0x0000000008007d38                bn::display_manager::blending_transparency_bottom_weight()
 .text._ZN2bn15display_manager51fill_blending_transparency_hblank_effect_attributesEPKNS_32blending_transparency_attributesEPt
                0x0000000008007d60       0x30 bn_display_manager.o
                0x0000000008007d60                bn::display_manager::fill_blending_transparency_hblank_effect_attributes(bn::blending_transparency_attributes const*, unsigned short*)
 .text._ZN2bn15display_manager21blending_fade_enabledEv
                0x0000000008007d90       0x10 bn_display_manager.o
                0x0000000008007d90                bn::display_manager::blending_fade_enabled()
 .text._ZN2bn15display_manager23set_blending_fade_alphaENS_7fixed_tILi12EEE
                0x0000000008007da0       0x4c bn_display_manager.o
                0x0000000008007da0                bn::display_manager::set_blending_fade_alpha(bn::fixed_t<12>)
 .text._ZN2bn15display_manager39fill_blending_fade_hblank_effect_alphasEPKNS_19blending_fade_alphaEPt
                0x0000000008007dec       0x24 bn_display_manager.o
                0x0000000008007dec                bn::display_manager::fill_blending_fade_hblank_effect_alphas(bn::blending_fade_alpha const*, unsigned short*)
 .text._ZN2bn15display_manager26update_windows_visible_bgsEv
                0x0000000008007e10       0x10 bn_display_manager.o
                0x0000000008007e10                bn::display_manager::update_windows_visible_bgs()
 .text._ZN2bn15display_manager36rect_window_hw_horizontal_boundariesEi
                0x0000000008007e20       0x14 bn_display_manager.o
                0x0000000008007e20                bn::display_manager::rect_window_hw_horizontal_boundaries(int)
 .text._ZN2bn15display_manager34rect_window_hw_vertical_boundariesEi
                0x0000000008007e34       0x14 bn_display_manager.o
                0x0000000008007e34                bn::display_manager::rect_window_hw_vertical_boundaries(int)
 .text._ZN2bn15display_manager52fill_rect_window_hblank_effect_horizontal_boundariesERKNS_4pairIiiEEPKNS1_INS_7fixed_tILi12EEES6_EEPt
                0x0000000008007e48      0x13c bn_display_manager.o
                0x0000000008007e48                bn::display_manager::fill_rect_window_hblank_effect_horizontal_boundaries(bn::pair<int, int> const&, bn::pair<bn::fixed_t<12>, bn::fixed_t<12> > const*, unsigned short*)
 .text._ZN2bn15display_manager50fill_rect_window_hblank_effect_vertical_boundariesERKNS_4pairIiiEEPKNS1_INS_7fixed_tILi12EEES6_EEPt
                0x0000000008007f84      0x13c bn_display_manager.o
                0x0000000008007f84                bn::display_manager::fill_rect_window_hblank_effect_vertical_boundaries(bn::pair<int, int> const&, bn::pair<bn::fixed_t<12>, bn::fixed_t<12> > const*, unsigned short*)
 .text._ZN2bn15display_manager36fill_green_swap_hblank_effect_statesEPKbPt
                0x00000000080080c0       0x38 bn_display_manager.o
                0x00000000080080c0                bn::display_manager::fill_green_swap_hblank_effect_states(bool const*, unsigned short*)
 .text._ZN2bn15display_manager14update_camerasEv
                0x00000000080080f8       0x40 bn_display_manager.o
                0x00000000080080f8                bn::display_manager::update_cameras()
 .text._ZN2bn15display_manager6updateEv
                0x0000000008008138      0x214 bn_display_manager.o
                0x0000000008008138                bn::display_manager::update()
 .text._ZN2bn15display_manager6commitEv
                0x000000000800834c      0x164 bn_display_manager.o
                0x000000000800834c                bn::display_manager::commit()
 .text._ZN2bn15display_manager4stopEv
                0x00000000080084b0       0x28 bn_display_manager.o
                0x00000000080084b0                bn::display_manager::stop()
 .text._ZN3_bn6assert9show_argsIA66_cEEvPKcS4_S4_iRKT_
                0x00000000080084d8       0x50 bn_display_manager.o
                0x00000000080084d8                void _bn::assert::show_args<char [66]>(char const*, char const*, char const*, int, char const (&) [66])
 .text._ZN3_bn6assert9show_argsIA63_cEEvPKcS4_S4_iRKT_
                0x0000000008008528       0x50 bn_display_manager.o
                0x0000000008008528                void _bn::assert::show_args<char [63]>(char const*, char const*, char const*, int, char const (&) [63])
 .text._ZN3_bn6assert9show_argsIA29_cN2bn7fixed_tILi12EEEEEvPKcS7_S7_iRKT_RKT0_
                0x0000000008008578       0x58 bn_display_manager.o
                0x0000000008008578                void _bn::assert::show_args<char [29], bn::fixed_t<12> >(char const*, char const*, char const*, int, char const (&) [29], bn::fixed_t<12> const&)
 .text._ZN2bn8blending22set_transparency_alphaENS_7fixed_tILi12EEE
                0x00000000080085d0       0x7c bn_display_manager.o
                0x00000000080085d0                bn::blending::set_transparency_alpha(bn::fixed_t<12>)
 .text._ZN3_bn6assert9show_argsIA26_cN2bn7fixed_tILi12EEEEEvPKcS7_S7_iRKT_RKT0_
                0x000000000800864c       0x58 bn_display_manager.o
                0x000000000800864c                void _bn::assert::show_args<char [26], bn::fixed_t<12> >(char const*, char const*, char const*, int, char const (&) [26], bn::fixed_t<12> const&)
 .text._ZN2bn8blending19set_intensity_alphaENS_7fixed_tILi12EEE
                0x00000000080086a4       0x7c bn_display_manager.o
                0x00000000080086a4                bn::blending::set_intensity_alpha(bn::fixed_t<12>)
 .text._ZN2bn8blending14set_fade_alphaENS_7fixed_tILi12EEE
                0x0000000008008720       0x90 bn_display_manager.o
                0x0000000008008720                bn::blending::set_fade_alpha(bn::fixed_t<12>)
 .text._ZN3_bn6assert9show_argsIA18_cN2bn7fixed_tILi12EEEEEvPKcS7_S7_iRKT_RKT0_
                0x00000000080087b0       0x58 bn_display_manager.o
                0x00000000080087b0                void _bn::assert::show_args<char [18], bn::fixed_t<12> >(char const*, char const*, char const*, int, char const (&) [18], bn::fixed_t<12> const&)
 .text._ZN2bn10bgs_mosaic11set_stretchENS_7fixed_tILi12EEE
                0x0000000008008808       0x4c bn_display_manager.o
                0x0000000008008808                bn::bgs_mosaic::set_stretch(bn::fixed_t<12>)
 .text._ZN2bn14sprites_mosaic11set_stretchENS_7fixed_tILi12EEE
                0x0000000008008854       0x4c bn_display_manager.o
                0x0000000008008854                bn::sprites_mosaic::set_stretch(bn::fixed_t<12>)
 .text.startup._GLOBAL__sub_I__ZNK2bn6window7show_bgERKNS_14regular_bg_ptrE
                0x00000000080088a0       0x7c bn_display_manager.o
 .text.exit._GLOBAL__sub_D__ZNK2bn6window7show_bgERKNS_14regular_bg_ptrE
                0x000000000800891c       0x48 bn_display_manager.o
 .text._ZN3_bn6assert9show_argsIA21_cEEvPKcS4_S4_iRKT_
                0x0000000008008964       0x50 bn_format.o
                0x0000000008008964                void _bn::assert::show_args<char [21]>(char const*, char const*, char const*, int, char const (&) [21])
 .text._ZN3_bn6formatERN2bn13ostringstreamEPKcS4_
                0x00000000080089b4       0xd0 bn_format.o
                0x00000000080089b4                _bn::format(bn::ostringstream&, char const*, char const*)
 .text._ZN2bn18igeneric_pool_baseC2EPci
                0x0000000008008a84       0x10 bn_generic_pool.o
                0x0000000008008a84                bn::igeneric_pool_base::igeneric_pool_base(char*, int)
                0x0000000008008a84                bn::igeneric_pool_base::igeneric_pool_base(char*, int)
 .text._ZN2bn18igeneric_pool_base5_freeEPc
                0x0000000008008a94       0x10 bn_generic_pool.o
                0x0000000008008a94                bn::igeneric_pool_base::_free(char*)
 .text._ZN2bn18igeneric_pool_baseD2Ev
                0x0000000008008aa4       0x30 bn_generic_pool.o
                0x0000000008008aa4                bn::igeneric_pool_base::~igeneric_pool_base()
                0x0000000008008aa4                bn::igeneric_pool_base::~igeneric_pool_base()
 .text._ZN2bn18igeneric_pool_base9_allocateEv
                0x0000000008008ad4       0x48 bn_generic_pool.o
                0x0000000008008ad4                bn::igeneric_pool_base::_allocate()
 .text._ZN2bn12gpio_manager6commitEv
                0x0000000008008b1c       0x48 bn_gpio_manager.o
                0x0000000008008b1c                bn::gpio_manager::commit()
 .text._ZN2bn12gpio_manager4stopEv
                0x0000000008008b64       0x3c bn_gpio_manager.o
                0x0000000008008b64                bn::gpio_manager::stop()
 .text._ZN2bn22hblank_effects_manager12_GLOBAL__N_19item_type18_output_values_ptrEv
                0x0000000008008ba0       0x40 bn_hblank_effects_manager.o
 .text._ZN2bn7type_idINS_4pairIiiEEEENS_9type_id_tEv
                0x0000000008008be0        0x8 bn_hblank_effects_manager.o
                0x0000000008008be0                bn::type_id_t bn::type_id<bn::pair<int, int> >()
 .text._ZN2bn7type_idINS_33regular_bg_attributes_hbe_handler15last_value_typeEEENS_9type_id_tEv
                0x0000000008008be8        0x8 bn_hblank_effects_manager.o
                0x0000000008008be8                bn::type_id_t bn::type_id<bn::regular_bg_attributes_hbe_handler::last_value_type>()
 .text._ZN2bn7type_idINS_32affine_bg_attributes_hbe_handler15last_value_typeEEENS_9type_id_tEv
                0x0000000008008bf0        0x8 bn_hblank_effects_manager.o
                0x0000000008008bf0                bn::type_id_t bn::type_id<bn::affine_bg_attributes_hbe_handler::last_value_type>()
 .text._ZN2bn7type_idIiEENS_9type_id_tEv
                0x0000000008008bf8        0x8 bn_hblank_effects_manager.o
                0x0000000008008bf8                bn::type_id_t bn::type_id<int>()
 .text._ZN2bn7type_idINS_47affine_bg_pivot_horizontal_position_hbe_handler15last_value_typeEEENS_9type_id_tEv
                0x0000000008008c00        0x8 bn_hblank_effects_manager.o
                0x0000000008008c00                bn::type_id_t bn::type_id<bn::affine_bg_pivot_horizontal_position_hbe_handler::last_value_type>()
 .text._ZN2bn7type_idINS_45affine_bg_pivot_vertical_position_hbe_handler15last_value_typeEEENS_9type_id_tEv
                0x0000000008008c08        0x8 bn_hblank_effects_manager.o
                0x0000000008008c08                bn::type_id_t bn::type_id<bn::affine_bg_pivot_vertical_position_hbe_handler::last_value_type>()
 .text._ZN2bn7type_idINS_35sprite_first_attributes_hbe_handler15last_value_typeEEENS_9type_id_tEv
                0x0000000008008c10        0x8 bn_hblank_effects_manager.o
                0x0000000008008c10                bn::type_id_t bn::type_id<bn::sprite_first_attributes_hbe_handler::last_value_type>()
 .text._ZN2bn7type_idINS_35sprite_second_attributes_last_valueEEENS_9type_id_tEv
                0x0000000008008c18        0x8 bn_hblank_effects_manager.o
                0x0000000008008c18                bn::type_id_t bn::type_id<bn::sprite_second_attributes_last_value>()
 .text._ZN2bn7type_idINS_17sprite_shape_sizeEEENS_9type_id_tEv
                0x0000000008008c20        0x8 bn_hblank_effects_manager.o
                0x0000000008008c20                bn::type_id_t bn::type_id<bn::sprite_shape_size>()
 .text._ZN2bn22hblank_effects_manager7disableEv
                0x0000000008008c28       0x24 bn_hblank_effects_manager.o
                0x0000000008008c28                bn::hblank_effects_manager::disable()
 .text._ZN2bn22hblank_effects_manager6commitEv
                0x0000000008008c4c       0x74 bn_hblank_effects_manager.o
                0x0000000008008c4c                bn::hblank_effects_manager::commit()
 .text._ZN2bn22hblank_effects_manager12_GLOBAL__N_110_is_uint32ENS0_12handler_typeE
                0x0000000008008cc0       0x64 bn_hblank_effects_manager.o
 .text._ZN2bn8optionalINS_29affine_bg_pa_register_hbe_ptrEEdeEv.part.0
                0x0000000008008d24       0x28 bn_hblank_effects_manager.o
 .text._ZN2bn22hblank_effects_manager12_GLOBAL__N_19item_type12check_updateEv
                0x0000000008008d4c     0x1e28 bn_hblank_effects_manager.o
 .text._ZN2bn22hblank_effects_manager6updateEv
                0x000000000800ab74      0x1ec bn_hblank_effects_manager.o
                0x000000000800ab74                bn::hblank_effects_manager::update()
 .text._ZN2bn22hblank_effects_manager4initEv
                0x000000000800ad60       0xd4 bn_hblank_effects_manager.o
                0x000000000800ad60                bn::hblank_effects_manager::init()
 .text._ZN3_bn6assert9show_argsIJA39_cPKN2bn5colorEA4_ciEEEvPKcS9_S9_iDpRKT_
                0x000000000800ae34       0x64 bn_hblank_effects_manager.o
                0x000000000800ae34                void _bn::assert::show_args<char [39], bn::color const*, char [4], int>(char const*, char const*, char const*, int, char const (&) [39], bn::color const* const&, char const (&) [4], int const&)
 .text.startup._GLOBAL__sub_I__ZN2bn4hbes10used_countEv
                0x000000000800ae98       0xfc bn_hblank_effects_manager.o
 .text.exit._GLOBAL__sub_D__ZN2bn4hbes10used_countEv
                0x000000000800af94       0x40 bn_hblank_effects_manager.o
 .text._ZN2bn12hdma_manager7disableEv
                0x000000000800afd4       0x30 bn_hdma_manager.o
                0x000000000800afd4                bn::hdma_manager::disable()
 .text._ZN2bn12hdma_manager10force_stopEv
                0x000000000800b004       0x3c bn_hdma_manager.o
                0x000000000800b004                bn::hdma_manager::force_stop()
 .text._ZN2bn12hdma_manager6updateEv
                0x000000000800b040       0x6c bn_hdma_manager.o
                0x000000000800b040                bn::hdma_manager::update()
 .text._ZN2bn12hdma_manager6commitEv
                0x000000000800b0ac       0xd0 bn_hdma_manager.o
                0x000000000800b0ac                bn::hdma_manager::commit()
 .text.startup._GLOBAL__sub_I__ZN2bn4hdma7runningEv
                0x000000000800b17c       0x34 bn_hdma_manager.o
 .text._ZN2bn6keypad6a_heldEv
                0x000000000800b1b0       0x10 bn_keypad_manager.o
                0x000000000800b1b0                bn::keypad::a_held()
 .text._ZN2bn6keypad9a_pressedEv
                0x000000000800b1c0       0x10 bn_keypad_manager.o
                0x000000000800b1c0                bn::keypad::a_pressed()
 .text._ZN2bn6keypad9b_pressedEv
                0x000000000800b1d0       0x10 bn_keypad_manager.o
                0x000000000800b1d0                bn::keypad::b_pressed()
 .text._ZN2bn6keypad14select_pressedEv
                0x000000000800b1e0       0x10 bn_keypad_manager.o
                0x000000000800b1e0                bn::keypad::select_pressed()
 .text._ZN2bn6keypad10up_pressedEv
                0x000000000800b1f0       0x10 bn_keypad_manager.o
                0x000000000800b1f0                bn::keypad::up_pressed()
 .text._ZN2bn6keypad12down_pressedEv
                0x000000000800b200       0x10 bn_keypad_manager.o
                0x000000000800b200                bn::keypad::down_pressed()
 .text._ZN2bn14keypad_manager4stopEv
                0x000000000800b210        0x4 bn_keypad_manager.o
                0x000000000800b210                bn::keypad_manager::stop()
 .text._ZN3_bn6assert9show_argsIJA19_ciA4_ciEEEvPKcS5_S5_iDpRKT_
                0x000000000800b214       0x6c bn_keypad_manager.o
                0x000000000800b214                void _bn::assert::show_args<char [19], int, char [4], int>(char const*, char const*, char const*, int, char const (&) [19], int const&, char const (&) [4], int const&)
 .text._ZN2bn14keypad_manager6updateEv
                0x000000000800b280       0xa8 bn_keypad_manager.o
                0x000000000800b280                bn::keypad_manager::update()
 .text._ZN3_bn6assert9show_argsIA24_ciEEvPKcS4_S4_iRKT_RKT0_
                0x000000000800b328       0x58 bn_keypad_manager.o
                0x000000000800b328                void _bn::assert::show_args<char [24], int>(char const*, char const*, char const*, int, char const (&) [24], int const&)
 .text._ZN2bn14keypad_manager4initERKNS_11string_viewE
                0x000000000800b380       0x58 bn_keypad_manager.o
                0x000000000800b380                bn::keypad_manager::init(bn::string_view const&)
 .text._ZN2bn12link_manager4initEv
                0x000000000800b3d8        0xc bn_link_manager.o
                0x000000000800b3d8                bn::link_manager::init()
 .text._ZN2bn12link_manager7disableEv
                0x000000000800b3e4       0x18 bn_link_manager.o
                0x000000000800b3e4                bn::link_manager::disable()
 .text._ZN2bn12link_manager6commitEv
                0x000000000800b3fc        0xc bn_link_manager.o
                0x000000000800b3fc                bn::link_manager::commit()
 .text._ZN2bn3logERKNS_12istring_baseE
                0x000000000800b408        0xc bn_log.o
                0x000000000800b408                bn::log(bn::istring_base const&)
 .text._ZN2bn6memory16used_stack_iwramEv
                0x000000000800b414       0x10 bn_memory_manager.o
                0x000000000800b414                bn::memory::used_stack_iwram()
 .text._ZN2bn6memory17used_static_iwramEv
                0x000000000800b424        0xc bn_memory_manager.o
                0x000000000800b424                bn::memory::used_static_iwram()
 .text._ZN3_bn6assert9show_argsIA35_cjEEvPKcS4_S4_iRKT_RKT0_
                0x000000000800b430       0x58 bn_memory_manager.o
                0x000000000800b430                void _bn::assert::show_args<char [35], unsigned int>(char const*, char const*, char const*, int, char const (&) [35], unsigned int const&)
 .text._ZN2bn6memory21available_alloc_ewramEv
                0x000000000800b488       0x40 bn_memory_manager.o
                0x000000000800b488                bn::memory::available_alloc_ewram()
 .text._ZdlPvj  0x000000000800b4c8       0x44 bn_memory_manager.o
                0x000000000800b4c8                operator delete(void*, unsigned int)
 .text._Znwj    0x000000000800b50c       0x6c bn_memory_manager.o
                0x000000000800b50c                operator new(unsigned int)
 .text._ZN2bn18best_fit_allocatorILi16EED2Ev
                0x000000000800b578       0x7c bn_memory_manager.o
                0x000000000800b578                bn::best_fit_allocator<16>::~best_fit_allocator()
                0x000000000800b578                bn::best_fit_allocator<16>::~best_fit_allocator()
 .text._ZN2bn14memory_manager4initEv
                0x000000000800b5f4      0x110 bn_memory_manager.o
                0x000000000800b5f4                bn::memory_manager::init()
 .text.exit._GLOBAL__sub_D__Znwj
                0x000000000800b704       0x20 bn_memory_manager.o
 .text._ZN2bn2hw8palettes9grayscaleEPKNS_5colorEiiPS2_.part.0
                0x000000000800b724       0x40 bn_palettes_manager.o
 .text._ZN2bn11bg_palettes21set_transparent_colorENS_5colorE
                0x000000000800b764       0x40 bn_palettes_manager.o
                0x000000000800b764                bn::bg_palettes::set_transparent_color(bn::color)
 .text._ZN2bn14bg_palette_ptrC2ERKS0_
                0x000000000800b7a4       0x2c bn_palettes_manager.o
                0x000000000800b7a4                bn::bg_palette_ptr::bg_palette_ptr(bn::bg_palette_ptr const&)
                0x000000000800b7a4                bn::bg_palette_ptr::bg_palette_ptr(bn::bg_palette_ptr const&)
 .text._ZNK2bn14bg_palette_ptr3bppEv
                0x000000000800b7d0       0x20 bn_palettes_manager.o
                0x000000000800b7d0                bn::bg_palette_ptr::bpp() const
 .text._ZN2bn18sprite_palette_ptrC2ERKS0_
                0x000000000800b7f0       0x1c bn_palettes_manager.o
                0x000000000800b7f0                bn::sprite_palette_ptr::sprite_palette_ptr(bn::sprite_palette_ptr const&)
                0x000000000800b7f0                bn::sprite_palette_ptr::sprite_palette_ptr(bn::sprite_palette_ptr const&)
 .text._ZNK2bn18sprite_palette_ptr3bppEv
                0x000000000800b80c       0x1c bn_palettes_manager.o
                0x000000000800b80c                bn::sprite_palette_ptr::bpp() const
 .text._ZN2bn13palettes_bank11colors_hashERKNS_4spanIKNS_5colorEEE
                0x000000000800b828       0x28 bn_palettes_manager.o
                0x000000000800b828                bn::palettes_bank::colors_hash(bn::span<bn::color const> const&)
 .text._ZNK2bn13palettes_bank10log_statusEv
                0x000000000800b850      0x188 bn_palettes_manager.o
                0x000000000800b850                bn::palettes_bank::log_status() const
 .text._ZNK2bn13palettes_bank20retrieve_commit_dataEv
                0x000000000800b9d8       0x58 bn_palettes_manager.o
                0x000000000800b9d8                bn::palettes_bank::retrieve_commit_data() const
 .text._ZNK2bn13palettes_bank12_same_colorsERKNS_4spanIKNS_5colorEEEi
                0x000000000800ba30       0x50 bn_palettes_manager.o
                0x000000000800ba30                bn::palettes_bank::_same_colors(bn::span<bn::color const> const&, int) const
 .text._ZN2bn13palettes_bank10find_bpp_4ERKNS_4spanIKNS_5colorEEEt
                0x000000000800ba80       0xdc bn_palettes_manager.o
                0x000000000800ba80                bn::palettes_bank::find_bpp_4(bn::span<bn::color const> const&, unsigned short)
 .text._ZNK2bn13palettes_bank21_apply_global_effectsEiPNS_5colorE
                0x000000000800bb5c      0x13c bn_palettes_manager.o
                0x000000000800bb5c                bn::palettes_bank::_apply_global_effects(int, bn::color*) const
 .text._ZNK2bn13palettes_bank25fill_hblank_effect_colorsEPKNS_5colorEPt
                0x000000000800bc98       0x30 bn_palettes_manager.o
                0x000000000800bc98                bn::palettes_bank::fill_hblank_effect_colors(bn::color const*, unsigned short*) const
 .text._ZNK2bn13palettes_bank7palette13apply_effectsEiPNS_5colorE
                0x000000000800bcc8       0xbc bn_palettes_manager.o
                0x000000000800bcc8                bn::palettes_bank::palette::apply_effects(int, bn::color*) const
 .text._ZNK2bn13palettes_bank25fill_hblank_effect_colorsEiPKNS_5colorEPt
                0x000000000800bd84       0x44 bn_palettes_manager.o
                0x000000000800bd84                bn::palettes_bank::fill_hblank_effect_colors(int, bn::color const*, unsigned short*) const
 .text._ZN2bn13palettes_bank15_update_paletteEi
                0x000000000800bdc8       0x6c bn_palettes_manager.o
                0x000000000800bdc8                bn::palettes_bank::_update_palette(int)
 .text._ZN2bn13palettes_bank6updateEv
                0x000000000800be34      0x124 bn_palettes_manager.o
                0x000000000800be34                bn::palettes_bank::update()
 .text._ZN2bn13palettes_bankC2Ev
                0x000000000800bf58       0xcc bn_palettes_manager.o
                0x000000000800bf58                bn::palettes_bank::palettes_bank()
                0x000000000800bf58                bn::palettes_bank::palettes_bank()
 .text._ZN2bn16palettes_manager20sprite_palettes_bankEv
                0x000000000800c024        0x8 bn_palettes_manager.o
                0x000000000800c024                bn::palettes_manager::sprite_palettes_bank()
 .text._ZN2bn16palettes_manager16bg_palettes_bankEv
                0x000000000800c02c        0x8 bn_palettes_manager.o
                0x000000000800c02c                bn::palettes_manager::bg_palettes_bank()
 .text._ZN2bn16palettes_manager6updateEv
                0x000000000800c034       0x20 bn_palettes_manager.o
                0x000000000800c034                bn::palettes_manager::update()
 .text._ZN2bn16palettes_manager6commitEv
                0x000000000800c054       0xb4 bn_palettes_manager.o
                0x000000000800c054                bn::palettes_manager::commit()
 .text._ZN2bn16palettes_manager4stopEv
                0x000000000800c108       0x20 bn_palettes_manager.o
                0x000000000800c108                bn::palettes_manager::stop()
 .text._ZN3_bn6assert9show_argsIJA43_ciS2_A42_cEEEvPKcS5_S5_iDpRKT_
                0x000000000800c128       0x68 bn_palettes_manager.o
                0x000000000800c128                void _bn::assert::show_args<char [43], int, char [43], char [42]>(char const*, char const*, char const*, int, char const (&) [43], int const&, char const (&) [43], char const (&) [42])
 .text._ZN2bn13palettes_bank12create_bpp_8ERKNS_4spanIKNS_5colorEEENS_16compression_typeEb
                0x000000000800c190      0x210 bn_palettes_manager.o
                0x000000000800c190                bn::palettes_bank::create_bpp_8(bn::span<bn::color const> const&, bn::compression_type, bool)
 .text._ZNK2bn15bg_palette_item10decompressENS_4spanINS_5colorEEE
                0x000000000800c3a0      0x154 bn_palettes_manager.o
                0x000000000800c3a0                bn::bg_palette_item::decompress(bn::span<bn::color>) const
 .text._ZNK2bn19sprite_palette_item10decompressENS_4spanINS_5colorEEE
                0x000000000800c4f4      0x154 bn_palettes_manager.o
                0x000000000800c4f4                bn::sprite_palette_item::decompress(bn::span<bn::color>) const
 .text._ZN2bn13palettes_bank12create_bpp_4ERKNS_4spanIKNS_5colorEEEtb
                0x000000000800c648      0x2a0 bn_palettes_manager.o
                0x000000000800c648                bn::palettes_bank::create_bpp_4(bn::span<bn::color const> const&, unsigned short, bool)
 .text._ZN2bn12_GLOBAL__N_112_create_implERKNS_15bg_palette_itemEb
                0x000000000800c8e8       0x94 bn_palettes_manager.o
 .text._ZN2bn14bg_palette_ptr6createERKNS_15bg_palette_itemE
                0x000000000800c97c       0x54 bn_palettes_manager.o
                0x000000000800c97c                bn::bg_palette_ptr::create(bn::bg_palette_item const&)
 .text._ZNK2bn15bg_palette_item14create_paletteEv
                0x000000000800c9d0       0x10 bn_palettes_manager.o
                0x000000000800c9d0                bn::bg_palette_item::create_palette() const
 .text._ZN2bn12_GLOBAL__N_112_create_implERKNS_19sprite_palette_itemEb
                0x000000000800c9e0       0x7c bn_palettes_manager.o
 .text._ZNK2bn19sprite_palette_item14create_paletteEv
                0x000000000800ca5c       0x48 bn_palettes_manager.o
                0x000000000800ca5c                bn::sprite_palette_item::create_palette() const
 .text._ZN2bn14iunordered_mapItsNS_13palettes_bank15identity_hasherENS_8equal_toItEEE5eraseERKNS5_14const_iteratorE.isra.0
                0x000000000800caa4      0x174 bn_palettes_manager.o
 .text._ZN2bn13palettes_bank15decrease_usagesEi.part.0
                0x000000000800cc18       0xdc bn_palettes_manager.o
 .text._ZN2bn18sprite_palette_ptr8_destroyEv
                0x000000000800ccf4       0x28 bn_palettes_manager.o
                0x000000000800ccf4                bn::sprite_palette_ptr::_destroy()
 .text._ZN2bn14bg_palette_ptr8_destroyEv
                0x000000000800cd1c       0x34 bn_palettes_manager.o
                0x000000000800cd1c                bn::bg_palette_ptr::_destroy()
 .text._ZN2bn14bg_palette_ptraSERKS0_
                0x000000000800cd50       0x5c bn_palettes_manager.o
                0x000000000800cd50                bn::bg_palette_ptr::operator=(bn::bg_palette_ptr const&)
 .text.startup._GLOBAL__sub_I__ZN2bn11bg_palettes17used_colors_countEv
                0x000000000800cdac       0x20 bn_palettes_manager.o
 .text._ZNK2bn21sprite_affine_mat_ptr15horizontal_flipEv
                0x000000000800cdcc       0x20 bn_sprite_affine_mats_manager.o
                0x000000000800cdcc                bn::sprite_affine_mat_ptr::horizontal_flip() const
 .text._ZNK2bn21sprite_affine_mat_ptr13vertical_flipEv
                0x000000000800cdec       0x20 bn_sprite_affine_mats_manager.o
                0x000000000800cdec                bn::sprite_affine_mat_ptr::vertical_flip() const
 .text._ZNK2bn21sprite_affine_mat_ptr16flipped_identityEv
                0x000000000800ce0c       0x14 bn_sprite_affine_mats_manager.o
                0x000000000800ce0c                bn::sprite_affine_mat_ptr::flipped_identity() const
 .text._ZN2bn26sprite_affine_mats_manager13attach_spriteEiRNS_24intrusive_list_node_typeE
                0x000000000800ce20       0x2c bn_sprite_affine_mats_manager.o
                0x000000000800ce20                bn::sprite_affine_mats_manager::attach_sprite(int, bn::intrusive_list_node_type&)
 .text._ZN2bn26sprite_affine_mats_manager18sprite_double_sizeEi
                0x000000000800ce4c      0x104 bn_sprite_affine_mats_manager.o
                0x000000000800ce4c                bn::sprite_affine_mats_manager::sprite_double_size(int)
 .text._ZN2bn26sprite_affine_mats_manager20retrieve_commit_dataEv
                0x000000000800cf50       0x44 bn_sprite_affine_mats_manager.o
                0x000000000800cf50                bn::sprite_affine_mats_manager::retrieve_commit_data()
 .text._ZN3_bn6assert9show_argsIA37_cEEvPKcS4_S4_iRKT_
                0x000000000800cf94       0x50 bn_sprite_affine_mats_manager.o
                0x000000000800cf94                void _bn::assert::show_args<char [37]>(char const*, char const*, char const*, int, char const (&) [37])
 .text._ZN2bn26sprite_affine_mats_manager15decrease_usagesEi.part.0
                0x000000000800cfe4       0x68 bn_sprite_affine_mats_manager.o
 .text._ZN2bn21sprite_affine_mat_ptr8_destroyEv
                0x000000000800d04c       0x2c bn_sprite_affine_mats_manager.o
                0x000000000800d04c                bn::sprite_affine_mat_ptr::_destroy()
 .text._ZN2bn26sprite_affine_mats_manager6updateEv
                0x000000000800d078       0xa0 bn_sprite_affine_mats_manager.o
                0x000000000800d078                bn::sprite_affine_mats_manager::update()
 .text._ZN2bn26sprite_affine_mats_manager4initEPv
                0x000000000800d118       0x6c bn_sprite_affine_mats_manager.o
                0x000000000800d118                bn::sprite_affine_mats_manager::init(void*)
 .text._ZN2bn26sprite_affine_mats_manager14dettach_spriteEiRNS_24intrusive_list_node_typeE
                0x000000000800d184       0x4c bn_sprite_affine_mats_manager.o
                0x000000000800d184                bn::sprite_affine_mats_manager::dettach_sprite(int, bn::intrusive_list_node_type&)
 .text.startup._GLOBAL__sub_I__ZN2bn18sprite_affine_mats10used_countEv
                0x000000000800d1d0       0x98 bn_sprite_affine_mats_manager.o
 .text.exit._GLOBAL__sub_D__ZN2bn18sprite_affine_mats10used_countEv
                0x000000000800d268       0x3c bn_sprite_affine_mats_manager.o
 .text._ZN2bn21sprite_text_generator5_initEv
                0x000000000800d2a4      0x1a8 bn_sprite_text_generator.o
                0x000000000800d2a4                bn::sprite_text_generator::_init()
 .text._ZN2bn21sprite_text_generatorC2ERKNS_11sprite_fontE
                0x000000000800d44c       0x2c bn_sprite_text_generator.o
                0x000000000800d44c                bn::sprite_text_generator::sprite_text_generator(bn::sprite_font const&)
                0x000000000800d44c                bn::sprite_text_generator::sprite_text_generator(bn::sprite_font const&)
 .text._ZN3_bn6assert9show_argsIA54_cEEvPKcS4_S4_iRKT_
                0x000000000800d478       0x50 bn_sprite_text_generator.o
                0x000000000800d478                void _bn::assert::show_args<char [54]>(char const*, char const*, char const*, int, char const (&) [54])
 .text._ZN3_bn6assert9show_argsIJA25_ciA4_ctEEEvPKcS5_S5_iDpRKT_
                0x000000000800d4c8       0x6c bn_sprite_text_generator.o
                0x000000000800d4c8                void _bn::assert::show_args<char [25], int, char [4], unsigned short>(char const*, char const*, char const*, int, char const (&) [25], int const&, char const (&) [4], unsigned short const&)
 .text._ZN2bn14utf8_characterC2ERKc
                0x000000000800d534      0x144 bn_sprite_text_generator.o
                0x000000000800d534                bn::utf8_character::utf8_character(char const&)
                0x000000000800d534                bn::utf8_character::utf8_character(char const&)
 .text._ZN2bn12_GLOBAL__N_115_graphics_indexEcRKNS_23utf8_characters_map_refEPKcRi.part.0
                0x000000000800d678       0x8c bn_sprite_text_generator.o
 .text._ZN2bn21sprite_text_generator15set_bg_priorityEi
                0x000000000800d704       0x3c bn_sprite_text_generator.o
                0x000000000800d704                bn::sprite_text_generator::set_bg_priority(int)
 .text._ZN3_bn6assert9show_argsIJA20_ccA9_cN2bn11string_viewEA2_cEEEvPKcS8_S8_iDpRKT_
                0x000000000800d740       0x70 bn_sprite_text_generator.o
                0x000000000800d740                void _bn::assert::show_args<char [20], char, char [9], bn::string_view, char [2]>(char const*, char const*, char const*, int, char const (&) [20], char const&, char const (&) [9], bn::string_view const&, char const (&) [2])
 .text._ZNK2bn21sprite_text_generator5widthERKNS_11string_viewE
                0x000000000800d7b0      0x244 bn_sprite_text_generator.o
                0x000000000800d7b0                bn::sprite_text_generator::width(bn::string_view const&) const
 .text._ZN3_bn6assert9show_argsIA55_cEEvPKcS4_S4_iRKT_
                0x000000000800d9f4       0x50 bn_sprite_text_generator.o
                0x000000000800d9f4                void _bn::assert::show_args<char [55]>(char const*, char const*, char const*, int, char const (&) [55])
 .text._ZN2bn12_GLOBAL__N_120_build_sprite_assertILNS_11sprite_sizeE2EEEPNS_4tileERKNS_21sprite_text_generatorERKNS_18sprite_palette_ptrERKNS_11fixed_pointERNS_7ivectorINS_10sprite_ptrEEE
                0x000000000800da44      0x1d4 bn_sprite_text_generator.o
 .text._ZN2bn12_GLOBAL__N_120_build_sprite_assertILNS_11sprite_sizeE1EEEPNS_4tileERKNS_21sprite_text_generatorERKNS_18sprite_palette_ptrERKNS_11fixed_pointERNS_7ivectorINS_10sprite_ptrEEE
                0x000000000800dc18      0x1d4 bn_sprite_text_generator.o
 .text._ZN2bn12_GLOBAL__N_19_generateILb0EEEbRKNS_21sprite_text_generatorERKNS_11fixed_pointERKNS_11string_viewERKNS_23utf8_characters_map_refEiibRNS_7ivectorINS_10sprite_ptrEEE.isra.0
                0x000000000800ddec     0x126c bn_sprite_text_generator.o
 .text._ZNK2bn21sprite_text_generator8generateERKNS_11fixed_pointERKNS_11string_viewERNS_7ivectorINS_10sprite_ptrEEE
                0x000000000800f058       0x34 bn_sprite_text_generator.o
                0x000000000800f058                bn::sprite_text_generator::generate(bn::fixed_point const&, bn::string_view const&, bn::ivector<bn::sprite_ptr>&) const
 .text._ZNK2bn21sprite_text_generator8generateENS_7fixed_tILi12EEES2_RKNS_11string_viewERNS_7ivectorINS_10sprite_ptrEEE
                0x000000000800f08c       0x3c bn_sprite_text_generator.o
                0x000000000800f08c                bn::sprite_text_generator::generate(bn::fixed_t<12>, bn::fixed_t<12>, bn::string_view const&, bn::ivector<bn::sprite_ptr>&) const
 .text._ZNK2bn16sprite_tiles_ptr2idEv
                0x000000000800f0c8       0x18 bn_sprite_tiles_manager.o
                0x000000000800f0c8                bn::sprite_tiles_ptr::id() const
 .text._ZNK2bn16sprite_tiles_ptr11tiles_countEv
                0x000000000800f0e0       0x18 bn_sprite_tiles_manager.o
                0x000000000800f0e0                bn::sprite_tiles_ptr::tiles_count() const
 .text._ZN2bn20sprite_tiles_manager10log_statusEv
                0x000000000800f0f8      0x1f8 bn_sprite_tiles_manager.o
                0x000000000800f0f8                bn::sprite_tiles_manager::log_status()
 .text._ZN2bn20sprite_tiles_manager6commitEv
                0x000000000800f2f0       0xc8 bn_sprite_tiles_manager.o
                0x000000000800f2f0                bn::sprite_tiles_manager::commit()
 .text._ZN3_bn6assert9show_argsIJA44_cPKN2bn4tileEA4_cS6_EEEvPKcS9_S9_iDpRKT_
                0x000000000800f3b8       0x6c bn_sprite_tiles_manager.o
                0x000000000800f3b8                void _bn::assert::show_args<char [44], bn::tile const*, char [4], bn::tile const*>(char const*, char const*, char const*, int, char const (&) [44], bn::tile const* const&, char const (&) [4], bn::tile const* const&)
 .text._ZN3_bn6assert9show_argsIJA46_ciA4_cjEEEvPKcS5_S5_iDpRKT_
                0x000000000800f424       0x6c bn_sprite_tiles_manager.o
                0x000000000800f424                void _bn::assert::show_args<char [46], int, char [4], unsigned int>(char const*, char const*, char const*, int, char const (&) [46], int const&, char const (&) [4], unsigned int const&)
 .text._ZN3_bn6assert9show_argsIJA28_cA15_cPKN2bn4tileEA16_ciA43_cNS4_11string_viewEEEEvPKcSC_SC_iDpRKT_
                0x000000000800f490       0x84 bn_sprite_tiles_manager.o
                0x000000000800f490                void _bn::assert::show_args<char [28], char [15], bn::tile const*, char [16], int, char [43], bn::string_view>(char const*, char const*, char const*, int, char const (&) [28], char const (&) [15], bn::tile const* const&, char const (&) [16], int const&, char const (&) [43], bn::string_view const&)
 .text._ZN3_bn6assert9show_argsIJA44_ciA43_cN2bn11string_viewEEEEvPKcS7_S7_iDpRKT_
                0x000000000800f514       0x68 bn_sprite_tiles_manager.o
                0x000000000800f514                void _bn::assert::show_args<char [44], int, char [43], bn::string_view>(char const*, char const*, char const*, int, char const (&) [44], int const&, char const (&) [43], bn::string_view const&)
 .text._ZN2bn20sprite_tiles_manager12_GLOBAL__N_116_erase_free_itemEi
                0x000000000800f57c       0xe4 bn_sprite_tiles_manager.o
 .text._ZN2bn20sprite_tiles_manager15decrease_usagesEi.part.0
                0x000000000800f660      0x10c bn_sprite_tiles_manager.o
 .text._ZN2bn16sprite_tiles_ptr8_destroyEv
                0x000000000800f76c       0x28 bn_sprite_tiles_manager.o
                0x000000000800f76c                bn::sprite_tiles_ptr::_destroy()
 .text._ZN2bn20sprite_tiles_manager12_GLOBAL__N_117_insert_free_itemEiPt
                0x000000000800f794       0xd0 bn_sprite_tiles_manager.o
 .text._ZN2bn14iunordered_mapIPKNS_4tileEiNS_4hashIS3_EENS_8equal_toIS3_EEE5eraseERKNS8_14const_iteratorE.isra.0
                0x000000000800f864      0x17c bn_sprite_tiles_manager.o
 .text._ZN2bn20sprite_tiles_manager12_GLOBAL__N_112_create_itemEiPKNS_4tileENS_16compression_typeEib
                0x000000000800f9e0      0x334 bn_sprite_tiles_manager.o
 .text._ZN2bn20sprite_tiles_manager12_GLOBAL__N_114_allocate_implEi
                0x000000000800fd14      0x104 bn_sprite_tiles_manager.o
 .text._ZN2bn20sprite_tiles_manager6updateEv
                0x000000000800fe18      0x270 bn_sprite_tiles_manager.o
                0x000000000800fe18                bn::sprite_tiles_manager::update()
 .text._ZN2bn20sprite_tiles_manager12_GLOBAL__N_112_create_implEPKNS_4tileENS_16compression_typeEi
                0x0000000008010088      0x20c bn_sprite_tiles_manager.o
 .text._ZN2bn20sprite_tiles_manager8allocateEiNS_8bpp_modeE
                0x0000000008010294       0xc4 bn_sprite_tiles_manager.o
                0x0000000008010294                bn::sprite_tiles_manager::allocate(int, bn::bpp_mode)
 .text._ZN2bn16sprite_tiles_ptr8allocateEiNS_8bpp_modeE
                0x0000000008010358       0x18 bn_sprite_tiles_manager.o
                0x0000000008010358                bn::sprite_tiles_ptr::allocate(int, bn::bpp_mode)
 .text._ZN2bn20sprite_tiles_manager4initEv
                0x0000000008010370      0x148 bn_sprite_tiles_manager.o
                0x0000000008010370                bn::sprite_tiles_manager::init()
 .text._ZN2bn20sprite_tiles_manager12_GLOBAL__N_110_find_implEPKNS_4tileENS_16compression_typeEi
                0x00000000080104b8      0x270 bn_sprite_tiles_manager.o
 .text._ZN2bn20sprite_tiles_manager6createERKNS_4spanIKNS_4tileEEENS_16compression_typeE
                0x0000000008010728      0x140 bn_sprite_tiles_manager.o
                0x0000000008010728                bn::sprite_tiles_manager::create(bn::span<bn::tile const> const&, bn::compression_type)
 .text._ZN2bn16sprite_tiles_ptr6createERKNS_17sprite_tiles_itemEi
                0x0000000008010868       0xe4 bn_sprite_tiles_manager.o
                0x0000000008010868                bn::sprite_tiles_ptr::create(bn::sprite_tiles_item const&, int)
 .text._ZNK2bn17sprite_tiles_item12create_tilesEv
                0x000000000801094c       0x94 bn_sprite_tiles_manager.o
                0x000000000801094c                bn::sprite_tiles_item::create_tiles() const
 .text._ZNK2bn17sprite_tiles_item12create_tilesEi
                0x00000000080109e0       0xe4 bn_sprite_tiles_manager.o
                0x00000000080109e0                bn::sprite_tiles_item::create_tiles(int) const
 .text._ZN2bn20sprite_tiles_manager4vramEi
                0x0000000008010ac4       0x4c bn_sprite_tiles_manager.o
                0x0000000008010ac4                bn::sprite_tiles_manager::vram(int)
 .text._ZN2bn16sprite_tiles_ptr4vramEv
                0x0000000008010b10       0x14 bn_sprite_tiles_manager.o
                0x0000000008010b10                bn::sprite_tiles_ptr::vram()
 .text.startup._GLOBAL__sub_I__ZN2bn12sprite_tiles16used_tiles_countEv
                0x0000000008010b24      0x10c bn_sprite_tiles_manager.o
 .text._ZN2bn15sprites_manager12_GLOBAL__N_125_update_indexes_to_commitERKNS_20sprites_manager_itemE
                0x0000000008010c30       0x48 bn_sprites_manager.o
 .text._ZN2bn13ostringstream11append_argsIiJA4_ciEEEvRKT_DpRKT0_.isra.0
                0x0000000008010c78       0x24 bn_sprites_manager.o
 .text._ZN2bn15sprites_manager12_GLOBAL__N_123_update_item_dimensionsERNS_20sprites_manager_itemE
                0x0000000008010c9c       0xcc bn_sprites_manager.o
 .text._ZN2bn10sprite_ptr12set_positionERKNS_11fixed_pointE
                0x0000000008010d68       0x74 bn_sprites_manager.o